Archive member included to satisfy reference by file (symbol)

build/lib/liblibapp.a(baseInit.cpp.obj)
                              CMakeFiles/Furina.elf.dir/Core/startup_stm32f407vetx.s.obj (TIM7_IRQHandler)
build/lib/liblibapp.a(main.cpp.obj)
                              E:/Tools/Develop/ToolsKits/ARM/arm-gnu-toolchain_v13_3/bin/../lib/gcc/arm-none-eabi/13.3.1/thumb/v7e-m+fp/hard/crt0.o (main)
build/lib/liblibapp.a(app.cpp.obj)
                              build/lib/liblibapp.a(main.cpp.obj) (app_init())
build/lib/liblibbsp.a(CPU_RunTime.c.obj)
                              build/lib/liblibapp.a(baseInit.cpp.obj) (ConfigureTimerForRunTimeStats)
build/lib/liblibbsp.a(adc.c.obj)
                              build/lib/liblibapp.a(app.cpp.obj) (adc1_init)
build/lib/liblibbsp.a(fsmc.c.obj)
                              build/lib/liblibapp.a(baseInit.cpp.obj) (fsmc_init)
build/lib/liblibbsp.a(key_exit.c.obj)
                              build/lib/liblibapp.a(baseInit.cpp.obj) (key_exti_init)
build/lib/liblibbsp.a(lcd.c.obj)
                              build/lib/liblibapp.a(baseInit.cpp.obj) (lcd_init)
build/lib/liblibbsp.a(timer.c.obj)
                              build/lib/liblibapp.a(app.cpp.obj) (timer2_init)
build/lib/liblibbsp.a(usart.c.obj)
                              build/lib/liblibapp.a(app.cpp.obj) (usart1_init)
build/lib/liblibdrivers.a(stm32f4xx_hal.c.obj)
                              build/lib/liblibapp.a(baseInit.cpp.obj) (uwTickPrio)
build/lib/liblibdrivers.a(stm32f4xx_hal_adc.c.obj)
                              build/lib/liblibbsp.a(adc.c.obj) (HAL_ADC_Init)
build/lib/liblibdrivers.a(stm32f4xx_hal_adc_ex.c.obj)
                              build/lib/liblibdrivers.a(stm32f4xx_hal_adc.c.obj) (HAL_ADCEx_InjectedConvCpltCallback)
build/lib/liblibdrivers.a(stm32f4xx_hal_cortex.c.obj)
                              build/lib/liblibdrivers.a(stm32f4xx_hal.c.obj) (HAL_NVIC_SetPriorityGrouping)
build/lib/liblibdrivers.a(stm32f4xx_hal_dma.c.obj)
                              build/lib/liblibbsp.a(fsmc.c.obj) (HAL_DMA_Init)
build/lib/liblibdrivers.a(stm32f4xx_hal_gpio.c.obj)
                              build/lib/liblibbsp.a(adc.c.obj) (HAL_GPIO_Init)
build/lib/liblibdrivers.a(stm32f4xx_hal_rcc.c.obj)
                              build/lib/liblibapp.a(baseInit.cpp.obj) (HAL_RCC_OscConfig)
build/lib/liblibdrivers.a(stm32f4xx_hal_sram.c.obj)
                              build/lib/liblibbsp.a(fsmc.c.obj) (HAL_SRAM_Init)
build/lib/liblibdrivers.a(stm32f4xx_hal_tim.c.obj)
                              build/lib/liblibapp.a(baseInit.cpp.obj) (HAL_TIM_Base_Init)
build/lib/liblibdrivers.a(stm32f4xx_hal_tim_ex.c.obj)
                              build/lib/liblibdrivers.a(stm32f4xx_hal_tim.c.obj) (TIMEx_DMACommutationCplt)
build/lib/liblibdrivers.a(stm32f4xx_hal_uart.c.obj)
                              build/lib/liblibbsp.a(usart.c.obj) (HAL_UART_Init)
build/lib/liblibdrivers.a(stm32f4xx_ll_fsmc.c.obj)
                              build/lib/liblibdrivers.a(stm32f4xx_hal_sram.c.obj) (FSMC_NORSRAM_Init)
build/lib/liblibmodule.a(key.cpp.obj)
                              build/lib/liblibapp.a(app.cpp.obj) (Key::stateHandler(unsigned char))
E:/Tools/Develop/ToolsKits/ARM/arm-gnu-toolchain_v13_3/bin/../lib/gcc/arm-none-eabi/13.3.1/thumb/v7e-m+fp/hard\libgcc.a(_arm_muldf3.o)
                              build/lib/liblibapp.a(app.cpp.obj) (__aeabi_dmul)
E:/Tools/Develop/ToolsKits/ARM/arm-gnu-toolchain_v13_3/bin/../lib/gcc/arm-none-eabi/13.3.1/thumb/v7e-m+fp/hard\libgcc.a(_arm_addsubdf3.o)
                              build/lib/liblibapp.a(app.cpp.obj) (__aeabi_f2d)
E:/Tools/Develop/ToolsKits/ARM/arm-gnu-toolchain_v13_3/bin/../lib/gcc/arm-none-eabi/13.3.1/thumb/v7e-m+fp/hard\libgcc.a(_aeabi_ldivmod.o)
                              build/lib/liblibdrivers.a(stm32f4xx_hal_rcc.c.obj) (__aeabi_ldivmod)
E:/Tools/Develop/ToolsKits/ARM/arm-gnu-toolchain_v13_3/bin/../lib/gcc/arm-none-eabi/13.3.1/thumb/v7e-m+fp/hard\libgcc.a(_aeabi_uldivmod.o)
                              build/lib/liblibdrivers.a(stm32f4xx_hal_rcc.c.obj) (__aeabi_uldivmod)
E:/Tools/Develop/ToolsKits/ARM/arm-gnu-toolchain_v13_3/bin/../lib/gcc/arm-none-eabi/13.3.1/thumb/v7e-m+fp/hard\libgcc.a(_udivmoddi4.o)
                              E:/Tools/Develop/ToolsKits/ARM/arm-gnu-toolchain_v13_3/bin/../lib/gcc/arm-none-eabi/13.3.1/thumb/v7e-m+fp/hard\libgcc.a(_aeabi_ldivmod.o) (__udivmoddi4)
E:/Tools/Develop/ToolsKits/ARM/arm-gnu-toolchain_v13_3/bin/../lib/gcc/arm-none-eabi/13.3.1/thumb/v7e-m+fp/hard\libgcc.a(unwind-arm.o)
                              build/lib/liblibapp.a(baseInit.cpp.obj) (__aeabi_unwind_cpp_pr0)
E:/Tools/Develop/ToolsKits/ARM/arm-gnu-toolchain_v13_3/bin/../lib/gcc/arm-none-eabi/13.3.1/thumb/v7e-m+fp/hard\libgcc.a(libunwind.o)
                              E:/Tools/Develop/ToolsKits/ARM/arm-gnu-toolchain_v13_3/bin/../lib/gcc/arm-none-eabi/13.3.1/thumb/v7e-m+fp/hard\libgcc.a(unwind-arm.o) (restore_core_regs)
[...]
Memory Configuration

Name             Origin             Length             Attributes
CCMRAM           0x10000000         0x00010000         xrw
RAM              0x20000000         0x00020000         xrw
FLASH            0x08000000         0x00080000         xr
*default*        0x00000000         0xffffffff

Linker script and memory map

LOAD E:/Tools/Develop/ToolsKits/ARM/arm-gnu-toolchain_v13_3/bin/../lib/gcc/arm-none-eabi/13.3.1/thumb/v7e-m+fp/hard/crti.o
LOAD E:/Tools/Develop/ToolsKits/ARM/arm-gnu-toolchain_v13_3/bin/../lib/gcc/arm-none-eabi/13.3.1/thumb/v7e-m+fp/hard/crtbegin.o
LOAD E:/Tools/Develop/ToolsKits/ARM/arm-gnu-toolchain_v13_3/bin/../lib/gcc/arm-none-eabi/13.3.1/thumb/v7e-m+fp/hard/crt0.o
LOAD CMakeFiles/Furina.elf.dir/Application/Base/ISR.cpp.obj
LOAD CMakeFiles/Furina.elf.dir/Core/startup_stm32f407vetx.s.obj
LOAD CMakeFiles/Furina.elf.dir/Core/stm32f4xx_it.c.obj
LOAD CMakeFiles/Furina.elf.dir/Core/syscalls.c.obj
LOAD CMakeFiles/Furina.elf.dir/Core/sysmem.c.obj
LOAD CMakeFiles/Furina.elf.dir/Core/system_stm32f4xx.c.obj
LOAD build/lib/liblibapp.a
LOAD build/lib/liblibbsp.a
LOAD build/lib/liblibdrivers.a
LOAD build/lib/liblibmodule.a
LOAD build/lib/liblibdsp.a
LOAD build/lib/liblibdata.a
LOAD build/lib/liblibai.a
LOAD E:/Tools/Develop/ToolsKits/ARM/arm-gnu-toolchain_v13_3/bin/../lib/gcc/arm-none-eabi/13.3.1/thumb/v7e-m+fp/hard\libstdc++.a
LOAD E:/Tools/Develop/ToolsKits/ARM/arm-gnu-toolchain_v13_3/bin/../lib/gcc/arm-none-eabi/13.3.1/thumb/v7e-m+fp/hard\libm.a
START GROUP
LOAD E:/Tools/Develop/ToolsKits/ARM/arm-gnu-toolchain_v13_3/bin/../lib/gcc/arm-none-eabi/13.3.1/thumb/v7e-m+fp/hard\libgcc.a
LOAD E:/Tools/Develop/ToolsKits/ARM/arm-gnu-toolchain_v13_3/bin/../lib/gcc/arm-none-eabi/13.3.1/thumb/v7e-m+fp/hard\libc.a
END GROUP
LOAD E:/Tools/Develop/ToolsKits/ARM/arm-gnu-toolchain_v13_3/bin/../lib/gcc/arm-none-eabi/13.3.1/thumb/v7e-m+fp/hard/crtend.o
LOAD E:/Tools/Develop/ToolsKits/ARM/arm-gnu-toolchain_v13_3/bin/../lib/gcc/arm-none-eabi/13.3.1/thumb/v7e-m+fp/hard/crtn.o
                0x20020000                        _estack = (ORIGIN (RAM) + LENGTH (RAM))
                0x00000400                        _Min_Heap_Size = 0x400
                0x00001000                        _Min_Stack_Size = 0x1000

.isr_vector     0x08000000      0x188
                0x08000000                        . = ALIGN (0x4)
 *(.isr_vector)
 .isr_vector    0x08000000      0x188 CMakeFiles/Furina.elf.dir/Core/startup_stm32f407vetx.s.obj
                0x08000000                g_pfnVectors
                0x08000188                        . = ALIGN (0x4)

.text           0x080001c0     0xa8bc
                0x080001c0                        . = ALIGN (0x4)
 *(.text)
 .text          0x080001c0      0x378 E:/Tools/Develop/ToolsKits/ARM/arm-gnu-toolchain_v13_3/bin/../lib/gcc/arm-none-eabi/13.3.1/thumb/v7e-m+fp/hard\libgcc.a(_arm_addsubdf3.o)
                0x080001c0                __aeabi_drsub
                0x080001c8                __aeabi_dsub
                0x080001c8                __subdf3
                0x080001cc                __aeabi_dadd
                0x080001cc                __adddf3
                0x08000444                __floatunsidf
                0x08000444                __aeabi_ui2d
                0x08000464                __floatsidf
                0x08000464                __aeabi_i2d
                0x08000488                __aeabi_f2d
                0x08000488                __extendsfdf2
                0x080004cc                __floatundidf
                0x080004cc                __aeabi_ul2d
                0x080004dc                __floatdidf
                0x080004dc                __aeabi_l2d
 .text          0x08000538       0x30 E:/Tools/Develop/ToolsKits/ARM/arm-gnu-toolchain_v13_3/bin/../lib/gcc/arm-none-eabi/13.3.1/thumb/v7e-m+fp/hard\libgcc.a(_aeabi_uldivmod.o)
                0x08000538                __aeabi_uldivmod
 .text          0x08000568      0x1ac E:/Tools/Develop/ToolsKits/ARM/arm-gnu-toolchain_v13_3/bin/../lib/gcc/arm-none-eabi/13.3.1/thumb/v7e-m+fp/hard\libgcc.a(libunwind.o)
                0x08000568                __restore_core_regs
                0x08000568                restore_core_regs
                0x08000580                __gnu_Unwind_Restore_VFP
                0x08000588                __gnu_Unwind_Save_VFP
                0x08000590                __gnu_Unwind_Restore_VFP_D
                0x08000598                __gnu_Unwind_Save_VFP_D
                0x080005a0                __gnu_Unwind_Restore_VFP_D_16_to_31
                0x080005a8                __gnu_Unwind_Save_VFP_D_16_to_31
                0x080005b0                __gnu_Unwind_Restore_WMMXD
                0x080005f4                __gnu_Unwind_Save_WMMXD
                0x08000638                __gnu_Unwind_Restore_WMMXC
                0x0800064c                __gnu_Unwind_Save_WMMXC
                0x08000660                ___Unwind_RaiseException
                0x08000660                _Unwind_RaiseException
                0x08000684                _Unwind_Resume
                0x08000684                ___Unwind_Resume
                0x080006a8                _Unwind_Resume_or_Rethrow
                0x080006a8                ___Unwind_Resume_or_Rethrow
                0x080006cc                _Unwind_ForcedUnwind
                0x080006cc                ___Unwind_ForcedUnwind
                0x080006f0                ___Unwind_Backtrace
                0x080006f0                _Unwind_Backtrace
 .text          0x08000714        0x4 E:/Tools/Develop/ToolsKits/ARM/arm-gnu-toolchain_v13_3/bin/../lib/gcc/arm-none-eabi/13.3.1/thumb/v7e-m+fp/hard\libgcc.a(_dvmd_tls.o)
                0x08000714                __aeabi_idiv0
                0x08000714                __aeabi_ldiv0
 .text          0x08000718      0x134 E:/Tools/Develop/ToolsKits/ARM/arm-gnu-toolchain_v13_3/bin/../lib/gcc/arm-none-eabi/13.3.1/thumb/v7e-m+fp/hard\libc.a(libc_a-memcpy.o)
                0x08000718                memcpy
 *fill*         0x0800084c        0x4 
 .text          0x08000850       0xa0 E:/Tools/Develop/ToolsKits/ARM/arm-gnu-toolchain_v13_3/bin/../lib/gcc/arm-none-eabi/13.3.1/thumb/v7e-m+fp/hard\libc.a(libc_a-memchr.o)
                0x08000850                memchr
 *fill*         0x080008f0       0x10 
 .text          0x08000900       0xd8 E:/Tools/Develop/ToolsKits/ARM/arm-gnu-toolchain_v13_3/bin/../lib/gcc/arm-none-eabi/13.3.1/thumb/v7e-m+fp/hard\libc.a(libc_a-strlen.o)
                0x08000900                strlen
 .text          0x080009d8      0x424 E:/Tools/Develop/ToolsKits/ARM/arm-gnu-toolchain_v13_3/bin/../lib/gcc/arm-none-eabi/13.3.1/thumb/v7e-m+fp/hard\libgcc.a(_arm_muldivdf3.o)
                0x080009d8                __aeabi_dmul
                0x080009d8                __muldf3
                0x08000c2c                __divdf3
                0x08000c2c                __aeabi_ddiv
 .text          0x08000dfc      0x110 E:/Tools/Develop/ToolsKits/ARM/arm-gnu-toolchain_v13_3/bin/../lib/gcc/arm-none-eabi/13.3.1/thumb/v7e-m+fp/hard\libgcc.a(_arm_cmpdf2.o)
                0x08000dfc                __gtdf2
                0x08000dfc                __gedf2
                0x08000e04                __ltdf2
                0x08000e04                __ledf2
                0x08000e0c                __nedf2
                0x08000e0c                __eqdf2
                0x08000e0c                __cmpdf2
                0x08000e88                __aeabi_cdrcmple
                0x08000e98                __aeabi_cdcmpeq
                0x08000e98                __aeabi_cdcmple
                0x08000ea8                __aeabi_dcmpeq
                0x08000ebc                __aeabi_dcmplt
                0x08000ed0                __aeabi_dcmple
                0x08000ee4                __aeabi_dcmpge
                0x08000ef8                __aeabi_dcmpgt
 .text          0x08000f0c       0x2c E:/Tools/Develop/ToolsKits/ARM/arm-gnu-toolchain_v13_3/bin/../lib/gcc/arm-none-eabi/13.3.1/thumb/v7e-m+fp/hard\libgcc.a(_arm_unorddf2.o)
                0x08000f0c                __unorddf2
                0x08000f0c                __aeabi_dcmpun
 .text          0x08000f38       0x50 E:/Tools/Develop/ToolsKits/ARM/arm-gnu-toolchain_v13_3/bin/../lib/gcc/arm-none-eabi/13.3.1/thumb/v7e-m+fp/hard\libgcc.a(_arm_fixdfsi.o)
                0x08000f38                __aeabi_d2iz
                0x08000f38                __fixdfsi
 *(.text*)
 .text.deregister_tm_clones
                0x08000f88       0x1c E:/Tools/Develop/ToolsKits/ARM/arm-gnu-toolchain_v13_3/bin/../lib/gcc/arm-none-eabi/13.3.1/thumb/v7e-m+fp/hard/crtbegin.o
 .text.register_tm_clones
                0x08000fa4       0x24 E:/Tools/Develop/ToolsKits/ARM/arm-gnu-toolchain_v13_3/bin/../lib/gcc/arm-none-eabi/13.3.1/thumb/v7e-m+fp/hard/crtbegin.o
 .text.__do_global_dtors_aux
                0x08000fc8       0x28 E:/Tools/Develop/ToolsKits/ARM/arm-gnu-toolchain_v13_3/bin/../lib/gcc/arm-none-eabi/13.3.1/thumb/v7e-m+fp/hard/crtbegin.o
 .text.frame_dummy
                0x08000ff0       0x24 E:/Tools/Develop/ToolsKits/ARM/arm-gnu-toolchain_v13_3/bin/../lib/gcc/arm-none-eabi/13.3.1/thumb/v7e-m+fp/hard/crtbegin.o
 .text.HAL_ADC_ConvCpltCallback
                0x08001014       0x18 CMakeFiles/Furina.elf.dir/Application/Base/ISR.cpp.obj
                0x08001014                HAL_ADC_ConvCpltCallback
 .text.EXTI0_IRQHandler
                0x0800102c       0x2c CMakeFiles/Furina.elf.dir/Application/Base/ISR.cpp.obj
                0x0800102c                EXTI0_IRQHandler
 .text.DMA2_Stream6_IRQHandler
                0x08001058       0x44 CMakeFiles/Furina.elf.dir/Application/Base/ISR.cpp.obj
                0x08001058                DMA2_Stream6_IRQHandler
 .text.Reset_Handler
                0x0800109c       0x50 CMakeFiles/Furina.elf.dir/Core/startup_stm32f407vetx.s.obj
                0x0800109c                Reset_Handler
 .text.NMI_Handler
                0x080010ec        0x4 CMakeFiles/Furina.elf.dir/Core/stm32f4xx_it.c.obj
                0x080010ec                NMI_Handler
 .text.HardFault_Handler
                0x080010f0        0x4 CMakeFiles/Furina.elf.dir/Core/stm32f4xx_it.c.obj
                0x080010f0                HardFault_Handler
 .text.MemManage_Handler
                0x080010f4        0x4 CMakeFiles/Furina.elf.dir/Core/stm32f4xx_it.c.obj
                0x080010f4                MemManage_Handler
 .text.BusFault_Handler
                0x080010f8        0x4 CMakeFiles/Furina.elf.dir/Core/stm32f4xx_it.c.obj
                0x080010f8                BusFault_Handler
 .text.UsageFault_Handler
                0x080010fc        0x4 CMakeFiles/Furina.elf.dir/Core/stm32f4xx_it.c.obj
                0x080010fc                UsageFault_Handler
 .text.DebugMon_Handler
                0x08001100        0x4 CMakeFiles/Furina.elf.dir/Core/stm32f4xx_it.c.obj
                0x08001100                DebugMon_Handler
 .text.RTC_Alarm_IRQHandler
                0x08001104        0x4 CMakeFiles/Furina.elf.dir/Core/stm32f4xx_it.c.obj
                0x08001104                RTC_Alarm_IRQHandler
 .text.HASH_RNG_IRQHandler
                0x08001108        0x4 CMakeFiles/Furina.elf.dir/Core/stm32f4xx_it.c.obj
                0x08001108                HASH_RNG_IRQHandler
 .text.EXTI2_IRQHandler
                0x0800110c        0x4 CMakeFiles/Furina.elf.dir/Core/stm32f4xx_it.c.obj
                0x0800110c                EXTI2_IRQHandler
 .text.TIM8_CC_IRQHandler
                0x08001110        0x4 CMakeFiles/Furina.elf.dir/Core/stm32f4xx_it.c.obj
                0x08001110                TIM8_CC_IRQHandler
 .text.TIM1_CC_IRQHandler
                0x08001114        0x4 CMakeFiles/Furina.elf.dir/Core/stm32f4xx_it.c.obj
                0x08001114                TIM1_CC_IRQHandler
 .text.DMA2_Stream5_IRQHandler
                0x08001118        0x4 CMakeFiles/Furina.elf.dir/Core/stm32f4xx_it.c.obj
                0x08001118                DMA2_Stream5_IRQHandler
 .text.DMA1_Stream5_IRQHandler
                0x0800111c        0x4 CMakeFiles/Furina.elf.dir/Core/stm32f4xx_it.c.obj
                0x0800111c                DMA1_Stream5_IRQHandler
 .text.SysTick_Handler
                0x08001120        0x4 CMakeFiles/Furina.elf.dir/Core/stm32f4xx_it.c.obj
                0x08001120                SysTick_Handler
 .text.PVD_IRQHandler
                0x08001124        0x4 CMakeFiles/Furina.elf.dir/Core/stm32f4xx_it.c.obj
                0x08001124                PVD_IRQHandler
 .text.SDIO_IRQHandler
                0x08001128        0x4 CMakeFiles/Furina.elf.dir/Core/stm32f4xx_it.c.obj
                0x08001128                SDIO_IRQHandler
 .text.TAMP_STAMP_IRQHandler
                0x0800112c        0x4 CMakeFiles/Furina.elf.dir/Core/stm32f4xx_it.c.obj
                0x0800112c                TAMP_STAMP_IRQHandler
 .text.PendSV_Handler
                0x08001130        0x4 CMakeFiles/Furina.elf.dir/Core/stm32f4xx_it.c.obj
                0x08001130                PendSV_Handler
 .text.CAN2_RX1_IRQHandler
                0x08001134        0x4 CMakeFiles/Furina.elf.dir/Core/stm32f4xx_it.c.obj
                0x08001134                CAN2_RX1_IRQHandler
 .text.EXTI3_IRQHandler
                0x08001138        0x4 CMakeFiles/Furina.elf.dir/Core/stm32f4xx_it.c.obj
                0x08001138                EXTI3_IRQHandler
 .text.TIM8_TRG_COM_TIM14_IRQHandler
                0x0800113c        0x4 CMakeFiles/Furina.elf.dir/Core/stm32f4xx_it.c.obj
                0x0800113c                TIM8_TRG_COM_TIM14_IRQHandler
 .text.TIM1_UP_TIM10_IRQHandler
                0x08001140        0x4 CMakeFiles/Furina.elf.dir/Core/stm32f4xx_it.c.obj
                0x08001140                TIM1_UP_TIM10_IRQHandler
 .text.I2C3_ER_IRQHandler
                0x08001144        0x4 CMakeFiles/Furina.elf.dir/Core/stm32f4xx_it.c.obj
                0x08001144                I2C3_ER_IRQHandler
 .text.I2C2_EV_IRQHandler
                0x08001148        0x4 CMakeFiles/Furina.elf.dir/Core/stm32f4xx_it.c.obj
                0x08001148                I2C2_EV_IRQHandler
 .text.DMA1_Stream2_IRQHandler
                0x0800114c        0x4 CMakeFiles/Furina.elf.dir/Core/stm32f4xx_it.c.obj
                0x0800114c                DMA1_Stream2_IRQHandler
 .text.CAN1_RX0_IRQHandler
                0x08001150        0x4 CMakeFiles/Furina.elf.dir/Core/stm32f4xx_it.c.obj
                0x08001150                CAN1_RX0_IRQHandler
 .text.FPU_IRQHandler
                0x08001154        0x4 CMakeFiles/Furina.elf.dir/Core/stm32f4xx_it.c.obj
                0x08001154                FPU_IRQHandler
 .text.OTG_HS_WKUP_IRQHandler
                0x08001158        0x4 CMakeFiles/Furina.elf.dir/Core/stm32f4xx_it.c.obj
                0x08001158                OTG_HS_WKUP_IRQHandler
 .text.CAN2_SCE_IRQHandler
                0x0800115c        0x4 CMakeFiles/Furina.elf.dir/Core/stm32f4xx_it.c.obj
                0x0800115c                CAN2_SCE_IRQHandler
 .text.DMA2_Stream2_IRQHandler
                0x08001160        0x4 CMakeFiles/Furina.elf.dir/Core/stm32f4xx_it.c.obj
                0x08001160                DMA2_Stream2_IRQHandler
 .text.SPI1_IRQHandler
                0x08001164        0x4 CMakeFiles/Furina.elf.dir/Core/stm32f4xx_it.c.obj
                0x08001164                SPI1_IRQHandler
 .text.TIM1_BRK_TIM9_IRQHandler
                0x08001168        0x4 CMakeFiles/Furina.elf.dir/Core/stm32f4xx_it.c.obj
                0x08001168                TIM1_BRK_TIM9_IRQHandler
 .text.DCMI_IRQHandler
                0x0800116c        0x4 CMakeFiles/Furina.elf.dir/Core/stm32f4xx_it.c.obj
                0x0800116c                DCMI_IRQHandler
 .text.CAN2_RX0_IRQHandler
                0x08001170        0x4 CMakeFiles/Furina.elf.dir/Core/stm32f4xx_it.c.obj
                0x08001170                CAN2_RX0_IRQHandler
 .text.DMA2_Stream3_IRQHandler
                0x08001174        0x4 CMakeFiles/Furina.elf.dir/Core/stm32f4xx_it.c.obj
                0x08001174                DMA2_Stream3_IRQHandler
 .text.USART6_IRQHandler
                0x08001178        0x4 CMakeFiles/Furina.elf.dir/Core/stm32f4xx_it.c.obj
                0x08001178                USART6_IRQHandler
 .text.USART3_IRQHandler
                0x0800117c        0x4 CMakeFiles/Furina.elf.dir/Core/stm32f4xx_it.c.obj
                0x0800117c                USART3_IRQHandler
 .text.CAN1_RX1_IRQHandler
                0x08001180        0x4 CMakeFiles/Furina.elf.dir/Core/stm32f4xx_it.c.obj
                0x08001180                CAN1_RX1_IRQHandler
 .text.UART5_IRQHandler
                0x08001184        0x4 CMakeFiles/Furina.elf.dir/Core/stm32f4xx_it.c.obj
                0x08001184                UART5_IRQHandler
 .text.DMA2_Stream0_IRQHandler
                0x08001188        0x4 CMakeFiles/Furina.elf.dir/Core/stm32f4xx_it.c.obj
                0x08001188                DMA2_Stream0_IRQHandler
 .text.TIM4_IRQHandler
                0x0800118c        0x4 CMakeFiles/Furina.elf.dir/Core/stm32f4xx_it.c.obj
                0x0800118c                TIM4_IRQHandler
 .text.I2C1_EV_IRQHandler
                0x08001190        0x4 CMakeFiles/Furina.elf.dir/Core/stm32f4xx_it.c.obj
                0x08001190                I2C1_EV_IRQHandler
 .text.DMA1_Stream6_IRQHandler
                0x08001194        0x4 CMakeFiles/Furina.elf.dir/Core/stm32f4xx_it.c.obj
                0x08001194                DMA1_Stream6_IRQHandler
 .text.DMA1_Stream1_IRQHandler
                0x08001198        0x4 CMakeFiles/Furina.elf.dir/Core/stm32f4xx_it.c.obj
                0x08001198                DMA1_Stream1_IRQHandler
 .text.UART4_IRQHandler
                0x0800119c        0x4 CMakeFiles/Furina.elf.dir/Core/stm32f4xx_it.c.obj
                0x0800119c                UART4_IRQHandler
 .text.TIM3_IRQHandler
                0x080011a0        0x4 CMakeFiles/Furina.elf.dir/Core/stm32f4xx_it.c.obj
                0x080011a0                TIM3_IRQHandler
 .text.RCC_IRQHandler
                0x080011a4        0x4 CMakeFiles/Furina.elf.dir/Core/stm32f4xx_it.c.obj
                0x080011a4                RCC_IRQHandler
 .text.TIM8_BRK_TIM12_IRQHandler
                0x080011a8        0x4 CMakeFiles/Furina.elf.dir/Core/stm32f4xx_it.c.obj
                0x080011a8                TIM8_BRK_TIM12_IRQHandler
 .text.EXTI15_10_IRQHandler
                0x080011ac        0x4 CMakeFiles/Furina.elf.dir/Core/stm32f4xx_it.c.obj
                0x080011ac                EXTI15_10_IRQHandler
 .text.DMA1_Stream7_IRQHandler
                0x080011b0        0x4 CMakeFiles/Furina.elf.dir/Core/stm32f4xx_it.c.obj
                0x080011b0                DMA1_Stream7_IRQHandler
 .text.CAN2_TX_IRQHandler
                0x080011b4        0x4 CMakeFiles/Furina.elf.dir/Core/stm32f4xx_it.c.obj
                0x080011b4                CAN2_TX_IRQHandler
 .text.TIM5_IRQHandler
                0x080011b8        0x4 CMakeFiles/Furina.elf.dir/Core/stm32f4xx_it.c.obj
                0x080011b8                TIM5_IRQHandler
 .text.DMA2_Stream7_IRQHandler
                0x080011bc        0x4 CMakeFiles/Furina.elf.dir/Core/stm32f4xx_it.c.obj
                0x080011bc                DMA2_Stream7_IRQHandler
 .text.I2C3_EV_IRQHandler
                0x080011c0        0x4 CMakeFiles/Furina.elf.dir/Core/stm32f4xx_it.c.obj
                0x080011c0                I2C3_EV_IRQHandler
 .text.EXTI9_5_IRQHandler
                0x080011c4        0x4 CMakeFiles/Furina.elf.dir/Core/stm32f4xx_it.c.obj
                0x080011c4                EXTI9_5_IRQHandler
 .text.RTC_WKUP_IRQHandler
                0x080011c8        0x4 CMakeFiles/Furina.elf.dir/Core/stm32f4xx_it.c.obj
                0x080011c8                RTC_WKUP_IRQHandler
 .text.ETH_WKUP_IRQHandler
                0x080011cc        0x4 CMakeFiles/Furina.elf.dir/Core/stm32f4xx_it.c.obj
                0x080011cc                ETH_WKUP_IRQHandler
 .text.SPI2_IRQHandler
                0x080011d0        0x4 CMakeFiles/Furina.elf.dir/Core/stm32f4xx_it.c.obj
                0x080011d0                SPI2_IRQHandler
 .text.OTG_HS_EP1_IN_IRQHandler
                0x080011d4        0x4 CMakeFiles/Furina.elf.dir/Core/stm32f4xx_it.c.obj
                0x080011d4                OTG_HS_EP1_IN_IRQHandler
 .text.DMA1_Stream0_IRQHandler
                0x080011d8        0x4 CMakeFiles/Furina.elf.dir/Core/stm32f4xx_it.c.obj
                0x080011d8                DMA1_Stream0_IRQHandler
 .text.CAN1_TX_IRQHandler
                0x080011dc        0x4 CMakeFiles/Furina.elf.dir/Core/stm32f4xx_it.c.obj
                0x080011dc                CAN1_TX_IRQHandler
 .text.SVC_Handler
                0x080011e0        0x4 CMakeFiles/Furina.elf.dir/Core/stm32f4xx_it.c.obj
                0x080011e0                SVC_Handler
 .text.EXTI4_IRQHandler
                0x080011e4        0x4 CMakeFiles/Furina.elf.dir/Core/stm32f4xx_it.c.obj
                0x080011e4                EXTI4_IRQHandler
 .text.FSMC_IRQHandler
                0x080011e8        0x4 CMakeFiles/Furina.elf.dir/Core/stm32f4xx_it.c.obj
                0x080011e8                FSMC_IRQHandler
 .text.ETH_IRQHandler
                0x080011ec        0x4 CMakeFiles/Furina.elf.dir/Core/stm32f4xx_it.c.obj
                0x080011ec                ETH_IRQHandler
 .text.OTG_HS_EP1_OUT_IRQHandler
                0x080011f0        0x4 CMakeFiles/Furina.elf.dir/Core/stm32f4xx_it.c.obj
                0x080011f0                OTG_HS_EP1_OUT_IRQHandler
 .text.WWDG_IRQHandler
                0x080011f4        0x4 CMakeFiles/Furina.elf.dir/Core/stm32f4xx_it.c.obj
                0x080011f4                WWDG_IRQHandler
 .text.TIM2_IRQHandler
                0x080011f8        0x4 CMakeFiles/Furina.elf.dir/Core/stm32f4xx_it.c.obj
                0x080011f8                TIM2_IRQHandler
 .text.OTG_FS_WKUP_IRQHandler
                0x080011fc        0x4 CMakeFiles/Furina.elf.dir/Core/stm32f4xx_it.c.obj
                0x080011fc                OTG_FS_WKUP_IRQHandler
 .text.TIM1_TRG_COM_TIM11_IRQHandler
                0x08001200        0x4 CMakeFiles/Furina.elf.dir/Core/stm32f4xx_it.c.obj
                0x08001200                TIM1_TRG_COM_TIM11_IRQHandler
 .text.OTG_HS_IRQHandler
                0x08001204        0x4 CMakeFiles/Furina.elf.dir/Core/stm32f4xx_it.c.obj
                0x08001204                OTG_HS_IRQHandler
 .text.EXTI1_IRQHandler
                0x08001208        0x4 CMakeFiles/Furina.elf.dir/Core/stm32f4xx_it.c.obj
                0x08001208                EXTI1_IRQHandler
 .text.USART2_IRQHandler
                0x0800120c        0x4 CMakeFiles/Furina.elf.dir/Core/stm32f4xx_it.c.obj
                0x0800120c                USART2_IRQHandler
 .text.I2C2_ER_IRQHandler
                0x08001210        0x4 CMakeFiles/Furina.elf.dir/Core/stm32f4xx_it.c.obj
                0x08001210                I2C2_ER_IRQHandler
 .text.DMA2_Stream1_IRQHandler
                0x08001214        0x4 CMakeFiles/Furina.elf.dir/Core/stm32f4xx_it.c.obj
                0x08001214                DMA2_Stream1_IRQHandler
 .text.CAN1_SCE_IRQHandler
                0x08001218        0x4 CMakeFiles/Furina.elf.dir/Core/stm32f4xx_it.c.obj
                0x08001218                CAN1_SCE_IRQHandler
 .text.FLASH_IRQHandler
                0x0800121c        0x4 CMakeFiles/Furina.elf.dir/Core/stm32f4xx_it.c.obj
                0x0800121c                FLASH_IRQHandler
 .text.DMA2_Stream4_IRQHandler
                0x08001220        0x4 CMakeFiles/Furina.elf.dir/Core/stm32f4xx_it.c.obj
                0x08001220                DMA2_Stream4_IRQHandler
 .text.OTG_FS_IRQHandler
                0x08001224        0x4 CMakeFiles/Furina.elf.dir/Core/stm32f4xx_it.c.obj
                0x08001224                OTG_FS_IRQHandler
 .text.SPI3_IRQHandler
                0x08001228        0x4 CMakeFiles/Furina.elf.dir/Core/stm32f4xx_it.c.obj
                0x08001228                SPI3_IRQHandler
 .text.DMA1_Stream4_IRQHandler
                0x0800122c        0x4 CMakeFiles/Furina.elf.dir/Core/stm32f4xx_it.c.obj
                0x0800122c                DMA1_Stream4_IRQHandler
 .text.I2C1_ER_IRQHandler
                0x08001230        0x4 CMakeFiles/Furina.elf.dir/Core/stm32f4xx_it.c.obj
                0x08001230                I2C1_ER_IRQHandler
 .text.DMA1_Stream3_IRQHandler
                0x08001234        0x4 CMakeFiles/Furina.elf.dir/Core/stm32f4xx_it.c.obj
                0x08001234                DMA1_Stream3_IRQHandler
 .text._getpid  0x08001238        0x4 CMakeFiles/Furina.elf.dir/Core/syscalls.c.obj
                0x08001238                _getpid
 .text._kill    0x0800123c       0x10 CMakeFiles/Furina.elf.dir/Core/syscalls.c.obj
                0x0800123c                _kill
 .text._exit    0x0800124c        0xc CMakeFiles/Furina.elf.dir/Core/syscalls.c.obj
                0x0800124c                _exit
 .text._read    0x08001258       0x1c CMakeFiles/Furina.elf.dir/Core/syscalls.c.obj
                0x08001258                _read
 .text._close   0x08001274        0x8 CMakeFiles/Furina.elf.dir/Core/syscalls.c.obj
                0x08001274                _close
 .text._fstat   0x0800127c        0xc CMakeFiles/Furina.elf.dir/Core/syscalls.c.obj
                0x0800127c                _fstat
 .text._isatty  0x08001288        0x4 CMakeFiles/Furina.elf.dir/Core/syscalls.c.obj
                0x08001288                _isatty
 .text._lseek   0x0800128c        0x4 CMakeFiles/Furina.elf.dir/Core/syscalls.c.obj
                0x0800128c                _lseek
 .text._sbrk    0x08001290       0x44 CMakeFiles/Furina.elf.dir/Core/sysmem.c.obj
                0x08001290                _sbrk
 .text.SystemInit
                0x080012d4       0x14 CMakeFiles/Furina.elf.dir/Core/system_stm32f4xx.c.obj
                0x080012d4                SystemInit
 .text._Z8BaseInitv
                0x080012e8       0xc0 build/lib/liblibapp.a(baseInit.cpp.obj)
                0x080012e8                BaseInit()
 .text.HAL_MspInit
                0x080013a8       0x80 build/lib/liblibapp.a(baseInit.cpp.obj)
                0x080013a8                HAL_MspInit
 .text.HAL_InitTick
                0x08001428       0xa8 build/lib/liblibapp.a(baseInit.cpp.obj)
                0x08001428                HAL_InitTick
 .text.TIM7_IRQHandler
                0x080014d0       0x14 build/lib/liblibapp.a(baseInit.cpp.obj)
                0x080014d0                TIM7_IRQHandler
 .text._Z18background_handlerv
                0x080014e4        0x4 build/lib/liblibapp.a(main.cpp.obj)
                0x080014e4                background_handler()
 .text.startup.main
                0x080014e8       0x14 build/lib/liblibapp.a(main.cpp.obj)
                0x080014e8                main
 .text._Z8app_initv
                0x080014fc       0x2c build/lib/liblibapp.a(app.cpp.obj)
                0x080014fc                app_init()
 .text._Z11key_handlerv
                0x08001528       0x4c build/lib/liblibapp.a(app.cpp.obj)
                0x08001528                key_handler()
 .text._Z8adc1_isrv
                0x08001574       0x48 build/lib/liblibapp.a(app.cpp.obj)
                0x08001574                adc1_isr()
 .text.HAL_UART_RxCpltCallback
                0x080015bc       0x34 build/lib/liblibapp.a(app.cpp.obj)
                0x080015bc                HAL_UART_RxCpltCallback
 .text.ConfigureTimerForRunTimeStats
                0x080015f0       0x70 build/lib/liblibbsp.a(CPU_RunTime.c.obj)
                0x080015f0                ConfigureTimerForRunTimeStats
 .text.TIM8_UP_TIM13_IRQHandler
                0x08001660       0x24 build/lib/liblibbsp.a(CPU_RunTime.c.obj)
                0x08001660                TIM8_UP_TIM13_IRQHandler
 .text.adc1_init
                0x08001684       0xbc build/lib/liblibbsp.a(adc.c.obj)
                0x08001684                adc1_init
 .text.ADC_IRQHandler
                0x08001740        0xc build/lib/liblibbsp.a(adc.c.obj)
                0x08001740                ADC_IRQHandler
 *fill*         0x0800174c        0x4 
 .text.fsmc_init
                0x08001750      0x10c build/lib/liblibbsp.a(fsmc.c.obj)
                0x08001750                fsmc_init
 .text.fsmc_dma_init
                0x0800185c       0x80 build/lib/liblibbsp.a(fsmc.c.obj)
                0x0800185c                fsmc_dma_init
 *fill*         0x080018dc        0x4 
 .text.key_exti_init
                0x080018e0       0x58 build/lib/liblibbsp.a(key_exit.c.obj)
                0x080018e0                key_exti_init
 .text.lcd_init
                0x08001938      0x11c build/lib/liblibbsp.a(lcd.c.obj)
                0x08001938                lcd_init
 .text.timer2_init
                0x08001a54       0x6c build/lib/liblibbsp.a(timer.c.obj)
                0x08001a54                timer2_init
 .text.timer6_isr
                0x08001ac0        0x4 build/lib/liblibbsp.a(timer.c.obj)
                0x08001ac0                timer6_isr
 .text.TIM6_DAC_IRQHandler
                0x08001ac4       0x18 build/lib/liblibbsp.a(timer.c.obj)
                0x08001ac4                TIM6_DAC_IRQHandler
 .text.usart1_init
                0x08001adc       0x90 build/lib/liblibbsp.a(usart.c.obj)
                0x08001adc                usart1_init
 .text.USART1_IRQHandler
                0x08001b6c        0xc build/lib/liblibbsp.a(usart.c.obj)
                0x08001b6c                USART1_IRQHandler
 .text._write   0x08001b78       0x18 build/lib/liblibbsp.a(usart.c.obj)
                0x08001b78                _write
 .text.HAL_Init
                0x08001b90       0x34 build/lib/liblibdrivers.a(stm32f4xx_hal.c.obj)
                0x08001b90                HAL_Init
 .text.HAL_IncTick
                0x08001bc4       0x18 build/lib/liblibdrivers.a(stm32f4xx_hal.c.obj)
                0x08001bc4                HAL_IncTick
 .text.HAL_GetTick
                0x08001bdc        0xc build/lib/liblibdrivers.a(stm32f4xx_hal.c.obj)
                0x08001bdc                HAL_GetTick
 .text.HAL_Delay
                0x08001be8       0x24 build/lib/liblibdrivers.a(stm32f4xx_hal.c.obj)
                0x08001be8                HAL_Delay
 .text.HAL_ADC_MspInit
                0x08001c0c        0x4 build/lib/liblibdrivers.a(stm32f4xx_hal_adc.c.obj)
                0x08001c0c                HAL_ADC_MspInit
 .text.HAL_ADC_Init
                0x08001c10      0x158 build/lib/liblibdrivers.a(stm32f4xx_hal_adc.c.obj)
                0x08001c10                HAL_ADC_Init
 .text.HAL_ADC_Start_IT
                0x08001d68      0x114 build/lib/liblibdrivers.a(stm32f4xx_hal_adc.c.obj)
                0x08001d68                HAL_ADC_Start_IT
 .text.HAL_ADC_Stop_IT
                0x08001e7c       0x48 build/lib/liblibdrivers.a(stm32f4xx_hal_adc.c.obj)
                0x08001e7c                HAL_ADC_Stop_IT
 .text.HAL_ADC_GetValue
                0x08001ec4        0x8 build/lib/liblibdrivers.a(stm32f4xx_hal_adc.c.obj)
                0x08001ec4                HAL_ADC_GetValue
 .text.HAL_ADC_LevelOutOfWindowCallback
                0x08001ecc        0x4 build/lib/liblibdrivers.a(stm32f4xx_hal_adc.c.obj)
                0x08001ecc                HAL_ADC_LevelOutOfWindowCallback
 .text.HAL_ADC_ErrorCallback
                0x08001ed0        0x4 build/lib/liblibdrivers.a(stm32f4xx_hal_adc.c.obj)
                0x08001ed0                HAL_ADC_ErrorCallback
 .text.HAL_ADC_IRQHandler
                0x08001ed4      0x120 build/lib/liblibdrivers.a(stm32f4xx_hal_adc.c.obj)
                0x08001ed4                HAL_ADC_IRQHandler
 .text.HAL_ADC_ConfigChannel
                0x08001ff4      0x150 build/lib/liblibdrivers.a(stm32f4xx_hal_adc.c.obj)
                0x08001ff4                HAL_ADC_ConfigChannel
 .text.HAL_ADCEx_InjectedConvCpltCallback
                0x08002144        0x4 build/lib/liblibdrivers.a(stm32f4xx_hal_adc_ex.c.obj)
                0x08002144                HAL_ADCEx_InjectedConvCpltCallback
 .text.HAL_NVIC_SetPriorityGrouping
                0x08002148       0x24 build/lib/liblibdrivers.a(stm32f4xx_hal_cortex.c.obj)
                0x08002148                HAL_NVIC_SetPriorityGrouping
 .text.HAL_NVIC_SetPriority
                0x0800216c       0x78 build/lib/liblibdrivers.a(stm32f4xx_hal_cortex.c.obj)
                0x0800216c                HAL_NVIC_SetPriority
 .text.HAL_NVIC_EnableIRQ
                0x080021e4       0x1c build/lib/liblibdrivers.a(stm32f4xx_hal_cortex.c.obj)
                0x080021e4                HAL_NVIC_EnableIRQ
 .text.HAL_DMA_Init
                0x08002200      0x128 build/lib/liblibdrivers.a(stm32f4xx_hal_dma.c.obj)
                0x08002200                HAL_DMA_Init
 .text.HAL_DMA_Abort
                0x08002328       0x94 build/lib/liblibdrivers.a(stm32f4xx_hal_dma.c.obj)
                0x08002328                HAL_DMA_Abort
 .text.HAL_DMA_Abort_IT
                0x080023bc       0x24 build/lib/liblibdrivers.a(stm32f4xx_hal_dma.c.obj)
                0x080023bc                HAL_DMA_Abort_IT
 .text.HAL_GPIO_Init
                0x080023e0      0x3d4 build/lib/liblibdrivers.a(stm32f4xx_hal_gpio.c.obj)
                0x080023e0                HAL_GPIO_Init
 .text.HAL_RCC_OscConfig
                0x080027b4      0x3c4 build/lib/liblibdrivers.a(stm32f4xx_hal_rcc.c.obj)
                0x080027b4                HAL_RCC_OscConfig
 .text.HAL_RCC_GetSysClockFreq
                0x08002b78       0x68 build/lib/liblibdrivers.a(stm32f4xx_hal_rcc.c.obj)
                0x08002b78                HAL_RCC_GetSysClockFreq
 .text.HAL_RCC_ClockConfig
                0x08002be0      0x13c build/lib/liblibdrivers.a(stm32f4xx_hal_rcc.c.obj)
                0x08002be0                HAL_RCC_ClockConfig
 .text.HAL_RCC_GetPCLK1Freq
                0x08002d1c       0x20 build/lib/liblibdrivers.a(stm32f4xx_hal_rcc.c.obj)
                0x08002d1c                HAL_RCC_GetPCLK1Freq
 .text.HAL_RCC_GetPCLK2Freq
                0x08002d3c       0x20 build/lib/liblibdrivers.a(stm32f4xx_hal_rcc.c.obj)
                0x08002d3c                HAL_RCC_GetPCLK2Freq
 .text.HAL_RCC_GetClockConfig
                0x08002d5c       0x44 build/lib/liblibdrivers.a(stm32f4xx_hal_rcc.c.obj)
                0x08002d5c                HAL_RCC_GetClockConfig
 .text.HAL_SRAM_MspInit
                0x08002da0        0x4 build/lib/liblibdrivers.a(stm32f4xx_hal_sram.c.obj)
                0x08002da0                HAL_SRAM_MspInit
 .text.HAL_SRAM_Init
                0x08002da4       0x5c build/lib/liblibdrivers.a(stm32f4xx_hal_sram.c.obj)
                0x08002da4                HAL_SRAM_Init
 .text.HAL_TIM_Base_MspInit
                0x08002e00        0x4 build/lib/liblibdrivers.a(stm32f4xx_hal_tim.c.obj)
                0x08002e00                HAL_TIM_Base_MspInit
 .text.HAL_TIM_Base_Init
                0x08002e04      0x130 build/lib/liblibdrivers.a(stm32f4xx_hal_tim.c.obj)
                0x08002e04                HAL_TIM_Base_Init
 .text.HAL_TIM_Base_Start
                0x08002f34       0x6c build/lib/liblibdrivers.a(stm32f4xx_hal_tim.c.obj)
                0x08002f34                HAL_TIM_Base_Start
 .text.HAL_TIM_Base_Stop
                0x08002fa0       0x28 build/lib/liblibdrivers.a(stm32f4xx_hal_tim.c.obj)
                0x08002fa0                HAL_TIM_Base_Stop
 .text.HAL_TIM_Base_Start_IT
                0x08002fc8       0x74 build/lib/liblibdrivers.a(stm32f4xx_hal_tim.c.obj)
                0x08002fc8                HAL_TIM_Base_Start_IT
 .text.HAL_TIM_ConfigClockSource
                0x0800303c      0x154 build/lib/liblibdrivers.a(stm32f4xx_hal_tim.c.obj)
                0x0800303c                HAL_TIM_ConfigClockSource
 .text.HAL_TIMEx_MasterConfigSynchronization
                0x08003190       0x80 build/lib/liblibdrivers.a(stm32f4xx_hal_tim_ex.c.obj)
                0x08003190                HAL_TIMEx_MasterConfigSynchronization
 .text.HAL_UART_MspInit
                0x08003210        0x4 build/lib/liblibdrivers.a(stm32f4xx_hal_uart.c.obj)
                0x08003210                HAL_UART_MspInit
 .text.HAL_UART_Init
                0x08003214      0x124 build/lib/liblibdrivers.a(stm32f4xx_hal_uart.c.obj)
                0x08003214                HAL_UART_Init
 .text.HAL_UART_Transmit
                0x08003338      0x108 build/lib/liblibdrivers.a(stm32f4xx_hal_uart.c.obj)
                0x08003338                HAL_UART_Transmit
 .text.HAL_UART_Receive_IT
                0x08003440       0x50 build/lib/liblibdrivers.a(stm32f4xx_hal_uart.c.obj)
                0x08003440                HAL_UART_Receive_IT
 .text.HAL_UART_TxCpltCallback
                0x08003490        0x4 build/lib/liblibdrivers.a(stm32f4xx_hal_uart.c.obj)
                0x08003490                HAL_UART_TxCpltCallback
 .text.HAL_UART_ErrorCallback
                0x08003494        0x4 build/lib/liblibdrivers.a(stm32f4xx_hal_uart.c.obj)
                0x08003494                HAL_UART_ErrorCallback
 .text.UART_DMAAbortOnError
                0x08003498       0x10 build/lib/liblibdrivers.a(stm32f4xx_hal_uart.c.obj)
 .text.HAL_UARTEx_RxEventCallback
                0x080034a8        0x4 build/lib/liblibdrivers.a(stm32f4xx_hal_uart.c.obj)
                0x080034a8                HAL_UARTEx_RxEventCallback
 .text.UART_Receive_IT.part.0.isra.0
                0x080034ac       0xc0 build/lib/liblibdrivers.a(stm32f4xx_hal_uart.c.obj)
 .text.HAL_UART_IRQHandler
                0x0800356c      0x364 build/lib/liblibdrivers.a(stm32f4xx_hal_uart.c.obj)
                0x0800356c                HAL_UART_IRQHandler
 .text.FSMC_NORSRAM_Init
                0x080038d0       0x6c build/lib/liblibdrivers.a(stm32f4xx_ll_fsmc.c.obj)
                0x080038d0                FSMC_NORSRAM_Init
 .text.FSMC_NORSRAM_Timing_Init
                0x0800393c       0x44 build/lib/liblibdrivers.a(stm32f4xx_ll_fsmc.c.obj)
                0x0800393c                FSMC_NORSRAM_Timing_Init
 .text.FSMC_NORSRAM_Extended_Timing_Init
                0x08003980       0x44 build/lib/liblibdrivers.a(stm32f4xx_ll_fsmc.c.obj)
                0x08003980                FSMC_NORSRAM_Extended_Timing_Init
 .text._ZN3Key12stateHandlerEh
                0x080039c4       0x44 build/lib/liblibmodule.a(key.cpp.obj)
                0x080039c4                Key::stateHandler(unsigned char)
 .text._ZN3Key7handlerEv
                0x08003a08       0x18 build/lib/liblibmodule.a(key.cpp.obj)
                0x08003a08                Key::handler()
 .text.__udivmoddi4
                0x08003a20      0x2bc E:/Tools/Develop/ToolsKits/ARM/arm-gnu-toolchain_v13_3/bin/../lib/gcc/arm-none-eabi/13.3.1/thumb/v7e-m+fp/hard\libgcc.a(_udivmoddi4.o)
                0x08003a20                __udivmoddi4
 .text.selfrel_offset31
                0x08003cdc       0x14 E:/Tools/Develop/ToolsKits/ARM/arm-gnu-toolchain_v13_3/bin/../lib/gcc/arm-none-eabi/13.3.1/thumb/v7e-m+fp/hard\libgcc.a(unwind-arm.o)
 .text.search_EIT_table
                0x08003cf0       0x68 E:/Tools/Develop/ToolsKits/ARM/arm-gnu-toolchain_v13_3/bin/../lib/gcc/arm-none-eabi/13.3.1/thumb/v7e-m+fp/hard\libgcc.a(unwind-arm.o)
 .text.__gnu_unwind_get_pr_addr
                0x08003d58       0x28 E:/Tools/Develop/ToolsKits/ARM/arm-gnu-toolchain_v13_3/bin/../lib/gcc/arm-none-eabi/13.3.1/thumb/v7e-m+fp/hard\libgcc.a(unwind-arm.o)
 .text.get_eit_entry
                0x08003d80       0x98 E:/Tools/Develop/ToolsKits/ARM/arm-gnu-toolchain_v13_3/bin/../lib/gcc/arm-none-eabi/13.3.1/thumb/v7e-m+fp/hard\libgcc.a(unwind-arm.o)
 .text.restore_non_core_regs
                0x08003e18       0x58 E:/Tools/Develop/ToolsKits/ARM/arm-gnu-toolchain_v13_3/bin/../lib/gcc/arm-none-eabi/13.3.1/thumb/v7e-m+fp/hard\libgcc.a(unwind-arm.o)
 .text._Unwind_decode_typeinfo_ptr.constprop.0
                0x08003e70        0xc E:/Tools/Develop/ToolsKits/ARM/arm-gnu-toolchain_v13_3/bin/../lib/gcc/arm-none-eabi/13.3.1/thumb/v7e-m+fp/hard\libgcc.a(unwind-arm.o)
 .text._Unwind_DebugHook
                0x08003e7c        0x4 E:/Tools/Develop/ToolsKits/ARM/arm-gnu-toolchain_v13_3/bin/../lib/gcc/arm-none-eabi/13.3.1/thumb/v7e-m+fp/hard\libgcc.a(unwind-arm.o)
 .text.unwind_phase2
                0x08003e80       0x3c E:/Tools/Develop/ToolsKits/ARM/arm-gnu-toolchain_v13_3/bin/../lib/gcc/arm-none-eabi/13.3.1/thumb/v7e-m+fp/hard\libgcc.a(unwind-arm.o)
 .text.unwind_phase2_forced
                0x08003ebc       0xd8 E:/Tools/Develop/ToolsKits/ARM/arm-gnu-toolchain_v13_3/bin/../lib/gcc/arm-none-eabi/13.3.1/thumb/v7e-m+fp/hard\libgcc.a(unwind-arm.o)
 .text.__gnu_Unwind_RaiseException
                0x08003f94       0x68 E:/Tools/Develop/ToolsKits/ARM/arm-gnu-toolchain_v13_3/bin/../lib/gcc/arm-none-eabi/13.3.1/thumb/v7e-m+fp/hard\libgcc.a(unwind-arm.o)
                0x08003f94                __gnu_Unwind_RaiseException
 .text.__gnu_Unwind_ForcedUnwind
                0x08003ffc       0x10 E:/Tools/Develop/ToolsKits/ARM/arm-gnu-toolchain_v13_3/bin/../lib/gcc/arm-none-eabi/13.3.1/thumb/v7e-m+fp/hard\libgcc.a(unwind-arm.o)
                0x08003ffc                __gnu_Unwind_ForcedUnwind
 .text.__gnu_Unwind_Resume
                0x0800400c       0x44 E:/Tools/Develop/ToolsKits/ARM/arm-gnu-toolchain_v13_3/bin/../lib/gcc/arm-none-eabi/13.3.1/thumb/v7e-m+fp/hard\libgcc.a(unwind-arm.o)
                0x0800400c                __gnu_Unwind_Resume
 .text.__gnu_Unwind_Resume_or_Rethrow
                0x08004050       0x14 E:/Tools/Develop/ToolsKits/ARM/arm-gnu-toolchain_v13_3/bin/../lib/gcc/arm-none-eabi/13.3.1/thumb/v7e-m+fp/hard\libgcc.a(unwind-arm.o)
                0x08004050                __gnu_Unwind_Resume_or_Rethrow
 .text._Unwind_VRS_Get
                0x08004064       0x34 E:/Tools/Develop/ToolsKits/ARM/arm-gnu-toolchain_v13_3/bin/../lib/gcc/arm-none-eabi/13.3.1/thumb/v7e-m+fp/hard\libgcc.a(unwind-arm.o)
                0x08004064                _Unwind_VRS_Get
 .text._Unwind_GetGR
                0x08004098       0x1c E:/Tools/Develop/ToolsKits/ARM/arm-gnu-toolchain_v13_3/bin/../lib/gcc/arm-none-eabi/13.3.1/thumb/v7e-m+fp/hard\libgcc.a(unwind-arm.o)
 .text._Unwind_VRS_Set
                0x080040b4       0x34 E:/Tools/Develop/ToolsKits/ARM/arm-gnu-toolchain_v13_3/bin/../lib/gcc/arm-none-eabi/13.3.1/thumb/v7e-m+fp/hard\libgcc.a(unwind-arm.o)
                0x080040b4                _Unwind_VRS_Set
 .text._Unwind_SetGR
                0x080040e8       0x18 E:/Tools/Develop/ToolsKits/ARM/arm-gnu-toolchain_v13_3/bin/../lib/gcc/arm-none-eabi/13.3.1/thumb/v7e-m+fp/hard\libgcc.a(unwind-arm.o)
 .text.__gnu_Unwind_Backtrace
                0x08004100       0x84 E:/Tools/Develop/ToolsKits/ARM/arm-gnu-toolchain_v13_3/bin/../lib/gcc/arm-none-eabi/13.3.1/thumb/v7e-m+fp/hard\libgcc.a(unwind-arm.o)
                0x08004100                __gnu_Unwind_Backtrace
 .text.__gnu_unwind_pr_common
                0x08004184      0x2a4 E:/Tools/Develop/ToolsKits/ARM/arm-gnu-toolchain_v13_3/bin/../lib/gcc/arm-none-eabi/13.3.1/thumb/v7e-m+fp/hard\libgcc.a(unwind-arm.o)
 .text.__aeabi_unwind_cpp_pr0
                0x08004428        0x8 E:/Tools/Develop/ToolsKits/ARM/arm-gnu-toolchain_v13_3/bin/../lib/gcc/arm-none-eabi/13.3.1/thumb/v7e-m+fp/hard\libgcc.a(unwind-arm.o)
                0x08004428                __aeabi_unwind_cpp_pr0
 .text.__aeabi_unwind_cpp_pr1
                0x08004430        0x8 E:/Tools/Develop/ToolsKits/ARM/arm-gnu-toolchain_v13_3/bin/../lib/gcc/arm-none-eabi/13.3.1/thumb/v7e-m+fp/hard\libgcc.a(unwind-arm.o)
                0x08004430                __aeabi_unwind_cpp_pr1
 .text.__aeabi_unwind_cpp_pr2
                0x08004438        0x8 E:/Tools/Develop/ToolsKits/ARM/arm-gnu-toolchain_v13_3/bin/../lib/gcc/arm-none-eabi/13.3.1/thumb/v7e-m+fp/hard\libgcc.a(unwind-arm.o)
                0x08004438                __aeabi_unwind_cpp_pr2
 .text._Unwind_VRS_Pop
                0x08004440      0x2f0 E:/Tools/Develop/ToolsKits/ARM/arm-gnu-toolchain_v13_3/bin/../lib/gcc/arm-none-eabi/13.3.1/thumb/v7e-m+fp/hard\libgcc.a(unwind-arm.o)
                0x08004440                _Unwind_VRS_Pop
 .text.next_unwind_byte
                0x08004730       0x38 E:/Tools/Develop/ToolsKits/ARM/arm-gnu-toolchain_v13_3/bin/../lib/gcc/arm-none-eabi/13.3.1/thumb/v7e-m+fp/hard\libgcc.a(pr-support.o)
 .text.__gnu_unwind_execute
                0x08004768      0x2fc E:/Tools/Develop/ToolsKits/ARM/arm-gnu-toolchain_v13_3/bin/../lib/gcc/arm-none-eabi/13.3.1/thumb/v7e-m+fp/hard\libgcc.a(pr-support.o)
                0x08004768                __gnu_unwind_execute
 .text.abort    0x08004a64       0x10 E:/Tools/Develop/ToolsKits/ARM/arm-gnu-toolchain_v13_3/bin/../lib/gcc/arm-none-eabi/13.3.1/thumb/v7e-m+fp/hard\libc.a(libc_a-abort.o)
                0x08004a64                abort
 .text.stdio_exit_handler
                0x08004a74       0x18 E:/Tools/Develop/ToolsKits/ARM/arm-gnu-toolchain_v13_3/bin/../lib/gcc/arm-none-eabi/13.3.1/thumb/v7e-m+fp/hard\libc.a(libc_a-findfp.o)
 .text.cleanup_stdio
                0x08004a8c       0x40 E:/Tools/Develop/ToolsKits/ARM/arm-gnu-toolchain_v13_3/bin/../lib/gcc/arm-none-eabi/13.3.1/thumb/v7e-m+fp/hard\libc.a(libc_a-findfp.o)
 .text.global_stdio_init.part.0
                0x08004acc       0xf0 E:/Tools/Develop/ToolsKits/ARM/arm-gnu-toolchain_v13_3/bin/../lib/gcc/arm-none-eabi/13.3.1/thumb/v7e-m+fp/hard\libc.a(libc_a-findfp.o)
 .text.__sinit  0x08004bbc       0x3c E:/Tools/Develop/ToolsKits/ARM/arm-gnu-toolchain_v13_3/bin/../lib/gcc/arm-none-eabi/13.3.1/thumb/v7e-m+fp/hard\libc.a(libc_a-findfp.o)
                0x08004bbc                __sinit
 .text.__sfp_lock_acquire
                0x08004bf8        0xc E:/Tools/Develop/ToolsKits/ARM/arm-gnu-toolchain_v13_3/bin/../lib/gcc/arm-none-eabi/13.3.1/thumb/v7e-m+fp/hard\libc.a(libc_a-findfp.o)
                0x08004bf8                __sfp_lock_acquire
 .text.__sfp_lock_release
                0x08004c04        0xc E:/Tools/Develop/ToolsKits/ARM/arm-gnu-toolchain_v13_3/bin/../lib/gcc/arm-none-eabi/13.3.1/thumb/v7e-m+fp/hard\libc.a(libc_a-findfp.o)
                0x08004c04                __sfp_lock_release
 .text._fwalk_sglue
                0x08004c10       0x44 E:/Tools/Develop/ToolsKits/ARM/arm-gnu-toolchain_v13_3/bin/../lib/gcc/arm-none-eabi/13.3.1/thumb/v7e-m+fp/hard\libc.a(libc_a-fwalk.o)
                0x08004c10                _fwalk_sglue
 .text.printf   0x08004c54       0x28 E:/Tools/Develop/ToolsKits/ARM/arm-gnu-toolchain_v13_3/bin/../lib/gcc/arm-none-eabi/13.3.1/thumb/v7e-m+fp/hard\libc.a(libc_a-printf.o)
                0x08004c54                printf
 .text.__sread  0x08004c7c       0x24 E:/Tools/Develop/ToolsKits/ARM/arm-gnu-toolchain_v13_3/bin/../lib/gcc/arm-none-eabi/13.3.1/thumb/v7e-m+fp/hard\libc.a(libc_a-stdio.o)
                0x08004c7c                __sread
 .text.__swrite
                0x08004ca0       0x40 E:/Tools/Develop/ToolsKits/ARM/arm-gnu-toolchain_v13_3/bin/../lib/gcc/arm-none-eabi/13.3.1/thumb/v7e-m+fp/hard\libc.a(libc_a-stdio.o)
                0x08004ca0                __swrite
 .text.__sseek  0x08004ce0       0x24 E:/Tools/Develop/ToolsKits/ARM/arm-gnu-toolchain_v13_3/bin/../lib/gcc/arm-none-eabi/13.3.1/thumb/v7e-m+fp/hard\libc.a(libc_a-stdio.o)
                0x08004ce0                __sseek
 .text.__sclose
                0x08004d04        0x8 E:/Tools/Develop/ToolsKits/ARM/arm-gnu-toolchain_v13_3/bin/../lib/gcc/arm-none-eabi/13.3.1/thumb/v7e-m+fp/hard\libc.a(libc_a-stdio.o)
                0x08004d04                __sclose
 .text.memset   0x08004d0c       0xa4 E:/Tools/Develop/ToolsKits/ARM/arm-gnu-toolchain_v13_3/bin/../lib/gcc/arm-none-eabi/13.3.1/thumb/v7e-m+fp/hard\libc.a(libc_a-memset.o)
                0x08004d0c                memset
 .text.raise    0x08004db0       0x58 E:/Tools/Develop/ToolsKits/ARM/arm-gnu-toolchain_v13_3/bin/../lib/gcc/arm-none-eabi/13.3.1/thumb/v7e-m+fp/hard\libc.a(libc_a-signal.o)
                0x08004db0                raise
 .text._close_r
                0x08004e08       0x24 E:/Tools/Develop/ToolsKits/ARM/arm-gnu-toolchain_v13_3/bin/../lib/gcc/arm-none-eabi/13.3.1/thumb/v7e-m+fp/hard\libc.a(libc_a-closer.o)
                0x08004e08                _close_r
 .text._lseek_r
                0x08004e2c       0x2c E:/Tools/Develop/ToolsKits/ARM/arm-gnu-toolchain_v13_3/bin/../lib/gcc/arm-none-eabi/13.3.1/thumb/v7e-m+fp/hard\libc.a(libc_a-lseekr.o)
                0x08004e2c                _lseek_r
 .text._read_r  0x08004e58       0x2c E:/Tools/Develop/ToolsKits/ARM/arm-gnu-toolchain_v13_3/bin/../lib/gcc/arm-none-eabi/13.3.1/thumb/v7e-m+fp/hard\libc.a(libc_a-readr.o)
                0x08004e58                _read_r
 .text._kill_r  0x08004e84       0x2c E:/Tools/Develop/ToolsKits/ARM/arm-gnu-toolchain_v13_3/bin/../lib/gcc/arm-none-eabi/13.3.1/thumb/v7e-m+fp/hard\libc.a(libc_a-signalr.o)
                0x08004e84                _kill_r
 .text._getpid_r
                0x08004eb0        0x4 E:/Tools/Develop/ToolsKits/ARM/arm-gnu-toolchain_v13_3/bin/../lib/gcc/arm-none-eabi/13.3.1/thumb/v7e-m+fp/hard\libc.a(libc_a-signalr.o)
                0x08004eb0                _getpid_r
 .text._write_r
                0x08004eb4       0x2c E:/Tools/Develop/ToolsKits/ARM/arm-gnu-toolchain_v13_3/bin/../lib/gcc/arm-none-eabi/13.3.1/thumb/v7e-m+fp/hard\libc.a(libc_a-writer.o)
                0x08004eb4                _write_r
 .text.__errno  0x08004ee0        0xc E:/Tools/Develop/ToolsKits/ARM/arm-gnu-toolchain_v13_3/bin/../lib/gcc/arm-none-eabi/13.3.1/thumb/v7e-m+fp/hard\libc.a(libc_a-errno.o)
                0x08004ee0                __errno
 .text.__libc_init_array
                0x08004eec       0x50 E:/Tools/Develop/ToolsKits/ARM/arm-gnu-toolchain_v13_3/bin/../lib/gcc/arm-none-eabi/13.3.1/thumb/v7e-m+fp/hard\libc.a(libc_a-init.o)
                0x08004eec                __libc_init_array
 .text.__retarget_lock_init_recursive
                0x08004f3c        0x4 E:/Tools/Develop/ToolsKits/ARM/arm-gnu-toolchain_v13_3/bin/../lib/gcc/arm-none-eabi/13.3.1/thumb/v7e-m+fp/hard\libc.a(libc_a-lock.o)
                0x08004f3c                __retarget_lock_init_recursive
 .text.__retarget_lock_close_recursive
                0x08004f40        0x4 E:/Tools/Develop/ToolsKits/ARM/arm-gnu-toolchain_v13_3/bin/../lib/gcc/arm-none-eabi/13.3.1/thumb/v7e-m+fp/hard\libc.a(libc_a-lock.o)
                0x08004f40                __retarget_lock_close_recursive
 .text.__retarget_lock_acquire_recursive
                0x08004f44        0x4 E:/Tools/Develop/ToolsKits/ARM/arm-gnu-toolchain_v13_3/bin/../lib/gcc/arm-none-eabi/13.3.1/thumb/v7e-m+fp/hard\libc.a(libc_a-lock.o)
                0x08004f44                __retarget_lock_acquire_recursive
 .text.__retarget_lock_release_recursive
                0x08004f48        0x4 E:/Tools/Develop/ToolsKits/ARM/arm-gnu-toolchain_v13_3/bin/../lib/gcc/arm-none-eabi/13.3.1/thumb/v7e-m+fp/hard\libc.a(libc_a-lock.o)
                0x08004f48                __retarget_lock_release_recursive
 .text.startup.register_fini
                0x08004f4c       0x14 E:/Tools/Develop/ToolsKits/ARM/arm-gnu-toolchain_v13_3/bin/../lib/gcc/arm-none-eabi/13.3.1/thumb/v7e-m+fp/hard\libc.a(libc_a-__call_atexit.o)
 .text.atexit   0x08004f60        0xc E:/Tools/Develop/ToolsKits/ARM/arm-gnu-toolchain_v13_3/bin/../lib/gcc/arm-none-eabi/13.3.1/thumb/v7e-m+fp/hard\libc.a(libc_a-atexit.o)
                0x08004f60                atexit
 .text._malloc_trim_r
                0x08004f6c       0xb8 E:/Tools/Develop/ToolsKits/ARM/arm-gnu-toolchain_v13_3/bin/../lib/gcc/arm-none-eabi/13.3.1/thumb/v7e-m+fp/hard\libc.a(libc_a-freer.o)
                0x08004f6c                _malloc_trim_r
 .text._free_r  0x08005024      0x1f8 E:/Tools/Develop/ToolsKits/ARM/arm-gnu-toolchain_v13_3/bin/../lib/gcc/arm-none-eabi/13.3.1/thumb/v7e-m+fp/hard\libc.a(libc_a-freer.o)
                0x08005024                _free_r
 .text._malloc_r
                0x0800521c      0x564 E:/Tools/Develop/ToolsKits/ARM/arm-gnu-toolchain_v13_3/bin/../lib/gcc/arm-none-eabi/13.3.1/thumb/v7e-m+fp/hard\libc.a(libc_a-mallocr.o)
                0x0800521c                _malloc_r
 .text.__malloc_lock
                0x08005780        0xc E:/Tools/Develop/ToolsKits/ARM/arm-gnu-toolchain_v13_3/bin/../lib/gcc/arm-none-eabi/13.3.1/thumb/v7e-m+fp/hard\libc.a(libc_a-mlock.o)
                0x08005780                __malloc_lock
 .text.__malloc_unlock
                0x0800578c        0xc E:/Tools/Develop/ToolsKits/ARM/arm-gnu-toolchain_v13_3/bin/../lib/gcc/arm-none-eabi/13.3.1/thumb/v7e-m+fp/hard\libc.a(libc_a-mlock.o)
                0x0800578c                __malloc_unlock
 .text._vfprintf_r
                0x08005798     0x1c24 E:/Tools/Develop/ToolsKits/ARM/arm-gnu-toolchain_v13_3/bin/../lib/gcc/arm-none-eabi/13.3.1/thumb/v7e-m+fp/hard\libc.a(libc_a-vfprintf.o)
                0x08005798                _vfprintf_r
 .text.__sbprintf
                0x080073bc       0x80 E:/Tools/Develop/ToolsKits/ARM/arm-gnu-toolchain_v13_3/bin/../lib/gcc/arm-none-eabi/13.3.1/thumb/v7e-m+fp/hard\libc.a(libc_a-vfprintf.o)
 .text.__sprint_r
                0x0800743c       0x20 E:/Tools/Develop/ToolsKits/ARM/arm-gnu-toolchain_v13_3/bin/../lib/gcc/arm-none-eabi/13.3.1/thumb/v7e-m+fp/hard\libc.a(libc_a-sprint_r.o)
                0x0800743c                __sprint_r
 .text._fclose_r
                0x0800745c       0xc0 E:/Tools/Develop/ToolsKits/ARM/arm-gnu-toolchain_v13_3/bin/../lib/gcc/arm-none-eabi/13.3.1/thumb/v7e-m+fp/hard\libc.a(libc_a-fclose.o)
                0x0800745c                _fclose_r
 .text.__sflush_r
                0x0800751c      0x138 E:/Tools/Develop/ToolsKits/ARM/arm-gnu-toolchain_v13_3/bin/../lib/gcc/arm-none-eabi/13.3.1/thumb/v7e-m+fp/hard\libc.a(libc_a-fflush.o)
                0x0800751c                __sflush_r
 .text._fflush_r
                0x08007654       0x54 E:/Tools/Develop/ToolsKits/ARM/arm-gnu-toolchain_v13_3/bin/../lib/gcc/arm-none-eabi/13.3.1/thumb/v7e-m+fp/hard\libc.a(libc_a-fflush.o)
                0x08007654                _fflush_r
 .text.__sfvwrite_r
                0x080076a8      0x300 E:/Tools/Develop/ToolsKits/ARM/arm-gnu-toolchain_v13_3/bin/../lib/gcc/arm-none-eabi/13.3.1/thumb/v7e-m+fp/hard\libc.a(libc_a-fvwrite.o)
                0x080076a8                __sfvwrite_r
 .text.__swsetup_r
                0x080079a8       0xc4 E:/Tools/Develop/ToolsKits/ARM/arm-gnu-toolchain_v13_3/bin/../lib/gcc/arm-none-eabi/13.3.1/thumb/v7e-m+fp/hard\libc.a(libc_a-wsetup.o)
                0x080079a8                __swsetup_r
 .text.memmove  0x08007a6c      0x100 E:/Tools/Develop/ToolsKits/ARM/arm-gnu-toolchain_v13_3/bin/../lib/gcc/arm-none-eabi/13.3.1/thumb/v7e-m+fp/hard\libc.a(libc_a-memmove.o)
                0x08007a6c                memmove
 .text.strncpy  0x08007b6c       0x68 E:/Tools/Develop/ToolsKits/ARM/arm-gnu-toolchain_v13_3/bin/../lib/gcc/arm-none-eabi/13.3.1/thumb/v7e-m+fp/hard\libc.a(libc_a-strncpy.o)
                0x08007b6c                strncpy
 .text.__locale_mb_cur_max
                0x08007bd4        0xc E:/Tools/Develop/ToolsKits/ARM/arm-gnu-toolchain_v13_3/bin/../lib/gcc/arm-none-eabi/13.3.1/thumb/v7e-m+fp/hard\libc.a(libc_a-locale.o)
                0x08007bd4                __locale_mb_cur_max
 .text._localeconv_r
                0x08007be0        0x8 E:/Tools/Develop/ToolsKits/ARM/arm-gnu-toolchain_v13_3/bin/../lib/gcc/arm-none-eabi/13.3.1/thumb/v7e-m+fp/hard\libc.a(libc_a-localeconv.o)
                0x08007be0                _localeconv_r
 .text._sbrk_r  0x08007be8       0x24 E:/Tools/Develop/ToolsKits/ARM/arm-gnu-toolchain_v13_3/bin/../lib/gcc/arm-none-eabi/13.3.1/thumb/v7e-m+fp/hard\libc.a(libc_a-sbrkr.o)
                0x08007be8                _sbrk_r
 .text.__libc_fini_array
                0x08007c0c       0x28 E:/Tools/Develop/ToolsKits/ARM/arm-gnu-toolchain_v13_3/bin/../lib/gcc/arm-none-eabi/13.3.1/thumb/v7e-m+fp/hard\libc.a(libc_a-fini.o)
                0x08007c0c                __libc_fini_array
 .text.sysconf  0x08007c34       0x1c E:/Tools/Develop/ToolsKits/ARM/arm-gnu-toolchain_v13_3/bin/../lib/gcc/arm-none-eabi/13.3.1/thumb/v7e-m+fp/hard\libc.a(libc_a-sysconf.o)
                0x08007c34                sysconf
 .text.frexp    0x08007c50       0x64 E:/Tools/Develop/ToolsKits/ARM/arm-gnu-toolchain_v13_3/bin/../lib/gcc/arm-none-eabi/13.3.1/thumb/v7e-m+fp/hard\libc.a(libm_a-s_frexp.o)
                0x08007c50                frexp
 .text.__register_exitproc
                0x08007cb4       0x80 E:/Tools/Develop/ToolsKits/ARM/arm-gnu-toolchain_v13_3/bin/../lib/gcc/arm-none-eabi/13.3.1/thumb/v7e-m+fp/hard\libc.a(libc_a-__atexit.o)
                0x08007cb4                __register_exitproc
 .text.quorem   0x08007d34      0x12c E:/Tools/Develop/ToolsKits/ARM/arm-gnu-toolchain_v13_3/bin/../lib/gcc/arm-none-eabi/13.3.1/thumb/v7e-m+fp/hard\libc.a(libc_a-dtoa.o)
 .text._dtoa_r  0x08007e60      0xe80 E:/Tools/Develop/ToolsKits/ARM/arm-gnu-toolchain_v13_3/bin/../lib/gcc/arm-none-eabi/13.3.1/thumb/v7e-m+fp/hard\libc.a(libc_a-dtoa.o)
                0x08007e60                _dtoa_r
 .text.__ascii_mbtowc
                0x08008ce0       0x2c E:/Tools/Develop/ToolsKits/ARM/arm-gnu-toolchain_v13_3/bin/../lib/gcc/arm-none-eabi/13.3.1/thumb/v7e-m+fp/hard\libc.a(libc_a-mbtowc_r.o)
                0x08008ce0                __ascii_mbtowc
 .text._Balloc  0x08008d0c       0x4c E:/Tools/Develop/ToolsKits/ARM/arm-gnu-toolchain_v13_3/bin/../lib/gcc/arm-none-eabi/13.3.1/thumb/v7e-m+fp/hard\libc.a(libc_a-mprec.o)
                0x08008d0c                _Balloc
 .text._Bfree   0x08008d58       0x14 E:/Tools/Develop/ToolsKits/ARM/arm-gnu-toolchain_v13_3/bin/../lib/gcc/arm-none-eabi/13.3.1/thumb/v7e-m+fp/hard\libc.a(libc_a-mprec.o)
                0x08008d58                _Bfree
 .text.__multadd
                0x08008d6c       0xa0 E:/Tools/Develop/ToolsKits/ARM/arm-gnu-toolchain_v13_3/bin/../lib/gcc/arm-none-eabi/13.3.1/thumb/v7e-m+fp/hard\libc.a(libc_a-mprec.o)
                0x08008d6c                __multadd
 .text.__hi0bits
                0x08008e0c       0x44 E:/Tools/Develop/ToolsKits/ARM/arm-gnu-toolchain_v13_3/bin/../lib/gcc/arm-none-eabi/13.3.1/thumb/v7e-m+fp/hard\libc.a(libc_a-mprec.o)
                0x08008e0c                __hi0bits
 .text.__lo0bits
                0x08008e50       0x60 E:/Tools/Develop/ToolsKits/ARM/arm-gnu-toolchain_v13_3/bin/../lib/gcc/arm-none-eabi/13.3.1/thumb/v7e-m+fp/hard\libc.a(libc_a-mprec.o)
                0x08008e50                __lo0bits
 .text.__i2b    0x08008eb0       0x5c E:/Tools/Develop/ToolsKits/ARM/arm-gnu-toolchain_v13_3/bin/../lib/gcc/arm-none-eabi/13.3.1/thumb/v7e-m+fp/hard\libc.a(libc_a-mprec.o)
                0x08008eb0                __i2b
 .text.__multiply
                0x08008f0c      0x16c E:/Tools/Develop/ToolsKits/ARM/arm-gnu-toolchain_v13_3/bin/../lib/gcc/arm-none-eabi/13.3.1/thumb/v7e-m+fp/hard\libc.a(libc_a-mprec.o)
                0x08008f0c                __multiply
 .text.__pow5mult
                0x08009078       0xb4 E:/Tools/Develop/ToolsKits/ARM/arm-gnu-toolchain_v13_3/bin/../lib/gcc/arm-none-eabi/13.3.1/thumb/v7e-m+fp/hard\libc.a(libc_a-mprec.o)
                0x08009078                __pow5mult
 .text.__lshift
                0x0800912c       0xf0 E:/Tools/Develop/ToolsKits/ARM/arm-gnu-toolchain_v13_3/bin/../lib/gcc/arm-none-eabi/13.3.1/thumb/v7e-m+fp/hard\libc.a(libc_a-mprec.o)
                0x0800912c                __lshift
 .text.__mcmp   0x0800921c       0x44 E:/Tools/Develop/ToolsKits/ARM/arm-gnu-toolchain_v13_3/bin/../lib/gcc/arm-none-eabi/13.3.1/thumb/v7e-m+fp/hard\libc.a(libc_a-mprec.o)
                0x0800921c                __mcmp
 .text.__mdiff  0x08009260      0x178 E:/Tools/Develop/ToolsKits/ARM/arm-gnu-toolchain_v13_3/bin/../lib/gcc/arm-none-eabi/13.3.1/thumb/v7e-m+fp/hard\libc.a(libc_a-mprec.o)
                0x08009260                __mdiff
 .text.__d2b    0x080093d8       0xc0 E:/Tools/Develop/ToolsKits/ARM/arm-gnu-toolchain_v13_3/bin/../lib/gcc/arm-none-eabi/13.3.1/thumb/v7e-m+fp/hard\libc.a(libc_a-mprec.o)
                0x080093d8                __d2b
 .text._realloc_r
                0x08009498      0x344 E:/Tools/Develop/ToolsKits/ARM/arm-gnu-toolchain_v13_3/bin/../lib/gcc/arm-none-eabi/13.3.1/thumb/v7e-m+fp/hard\libc.a(libc_a-reallocr.o)
                0x08009498                _realloc_r
 .text.__ascii_wctomb
                0x080097dc       0x1c E:/Tools/Develop/ToolsKits/ARM/arm-gnu-toolchain_v13_3/bin/../lib/gcc/arm-none-eabi/13.3.1/thumb/v7e-m+fp/hard\libc.a(libc_a-wctomb_r.o)
                0x080097dc                __ascii_wctomb
 .text._wcrtomb_r
                0x080097f8       0x4c E:/Tools/Develop/ToolsKits/ARM/arm-gnu-toolchain_v13_3/bin/../lib/gcc/arm-none-eabi/13.3.1/thumb/v7e-m+fp/hard\libc.a(libc_a-wcrtomb.o)
                0x080097f8                _wcrtomb_r
 .text._wcsrtombs_r
                0x08009844       0x18 E:/Tools/Develop/ToolsKits/ARM/arm-gnu-toolchain_v13_3/bin/../lib/gcc/arm-none-eabi/13.3.1/thumb/v7e-m+fp/hard\libc.a(libc_a-wcsrtombs.o)
                0x08009844                _wcsrtombs_r
 .text.__smakebuf_r
                0x0800985c       0xdc E:/Tools/Develop/ToolsKits/ARM/arm-gnu-toolchain_v13_3/bin/../lib/gcc/arm-none-eabi/13.3.1/thumb/v7e-m+fp/hard\libc.a(libc_a-makebuf.o)
                0x0800985c                __smakebuf_r
 .text._fstat_r
                0x08009938       0x2c E:/Tools/Develop/ToolsKits/ARM/arm-gnu-toolchain_v13_3/bin/../lib/gcc/arm-none-eabi/13.3.1/thumb/v7e-m+fp/hard\libc.a(libc_a-fstatr.o)
                0x08009938                _fstat_r
 .text._isatty_r
                0x08009964       0x24 E:/Tools/Develop/ToolsKits/ARM/arm-gnu-toolchain_v13_3/bin/../lib/gcc/arm-none-eabi/13.3.1/thumb/v7e-m+fp/hard\libc.a(libc_a-isattyr.o)
                0x08009964                _isatty_r
 .text.__assert_func
                0x08009988       0x40 E:/Tools/Develop/ToolsKits/ARM/arm-gnu-toolchain_v13_3/bin/../lib/gcc/arm-none-eabi/13.3.1/thumb/v7e-m+fp/hard\libc.a(libc_a-assert.o)
                0x08009988                __assert_func
 .text._calloc_r
                0x080099c8       0x6c E:/Tools/Develop/ToolsKits/ARM/arm-gnu-toolchain_v13_3/bin/../lib/gcc/arm-none-eabi/13.3.1/thumb/v7e-m+fp/hard\libc.a(libc_a-callocr.o)
                0x080099c8                _calloc_r
 .text._wcsnrtombs_l
                0x08009a34       0xfc E:/Tools/Develop/ToolsKits/ARM/arm-gnu-toolchain_v13_3/bin/../lib/gcc/arm-none-eabi/13.3.1/thumb/v7e-m+fp/hard\libc.a(libc_a-wcsnrtombs.o)
                0x08009a34                _wcsnrtombs_l
 .text._wcsnrtombs_r
                0x08009b30       0x24 E:/Tools/Develop/ToolsKits/ARM/arm-gnu-toolchain_v13_3/bin/../lib/gcc/arm-none-eabi/13.3.1/thumb/v7e-m+fp/hard\libc.a(libc_a-wcsnrtombs.o)
                0x08009b30                _wcsnrtombs_r
 .text.fiprintf
                0x08009b54       0x28 E:/Tools/Develop/ToolsKits/ARM/arm-gnu-toolchain_v13_3/bin/../lib/gcc/arm-none-eabi/13.3.1/thumb/v7e-m+fp/hard\libc.a(libc_a-fiprintf.o)
                0x08009b54                fiprintf
 .text._vfiprintf_r
                0x08009b7c      0xe68 E:/Tools/Develop/ToolsKits/ARM/arm-gnu-toolchain_v13_3/bin/../lib/gcc/arm-none-eabi/13.3.1/thumb/v7e-m+fp/hard\libc.a(libc_a-vfiprintf.o)
                0x08009b7c                _vfiprintf_r
 .text.__sbprintf
                0x0800a9e4       0x80 E:/Tools/Develop/ToolsKits/ARM/arm-gnu-toolchain_v13_3/bin/../lib/gcc/arm-none-eabi/13.3.1/thumb/v7e-m+fp/hard\libc.a(libc_a-vfiprintf.o)
 *(.glue_7)
 .glue_7        0x0800aa64        0x0 linker stubs
 *(.glue_7t)
 .glue_7t       0x0800aa64        0x0 linker stubs
 *(.eh_frame)
 .eh_frame      0x0800aa64        0x0 E:/Tools/Develop/ToolsKits/ARM/arm-gnu-toolchain_v13_3/bin/../lib/gcc/arm-none-eabi/13.3.1/thumb/v7e-m+fp/hard/crtbegin.o
 *(.init)
 .init          0x0800aa64        0x4 E:/Tools/Develop/ToolsKits/ARM/arm-gnu-toolchain_v13_3/bin/../lib/gcc/arm-none-eabi/13.3.1/thumb/v7e-m+fp/hard/crti.o
                0x0800aa64                _init
 .init          0x0800aa68        0x8 E:/Tools/Develop/ToolsKits/ARM/arm-gnu-toolchain_v13_3/bin/../lib/gcc/arm-none-eabi/13.3.1/thumb/v7e-m+fp/hard/crtn.o
 *(.fini)
 .fini          0x0800aa70        0x4 E:/Tools/Develop/ToolsKits/ARM/arm-gnu-toolchain_v13_3/bin/../lib/gcc/arm-none-eabi/13.3.1/thumb/v7e-m+fp/hard/crti.o
                0x0800aa70                _fini
 .fini          0x0800aa74        0x8 E:/Tools/Develop/ToolsKits/ARM/arm-gnu-toolchain_v13_3/bin/../lib/gcc/arm-none-eabi/13.3.1/thumb/v7e-m+fp/hard/crtn.o
                0x0800aa7c                        . = ALIGN (0x4)
                0x0800aa7c                        _etext = .

.vfp11_veneer   0x0800aa7c        0x0
 .vfp11_veneer  0x0800aa7c        0x0 linker stubs

.v4_bx          0x0800aa7c        0x0
 .v4_bx         0x0800aa7c        0x0 linker stubs

.iplt           0x0800aa7c        0x0
 .iplt          0x0800aa7c        0x0 E:/Tools/Develop/ToolsKits/ARM/arm-gnu-toolchain_v13_3/bin/../lib/gcc/arm-none-eabi/13.3.1/thumb/v7e-m+fp/hard/crtbegin.o

.rodata         0x0800aa80      0x414
                0x0800aa80                        . = ALIGN (0x4)
 *(.rodata)
 *(.rodata*)
 .rodata.APBPrescTable
                0x0800aa80        0x8 CMakeFiles/Furina.elf.dir/Core/system_stm32f4xx.c.obj
                0x0800aa80                APBPrescTable
 .rodata.AHBPrescTable
                0x0800aa88       0x10 CMakeFiles/Furina.elf.dir/Core/system_stm32f4xx.c.obj
                0x0800aa88                AHBPrescTable
 .rodata._Z8adc1_isrv.str1.4
                0x0800aa98      0x1af build/lib/liblibapp.a(app.cpp.obj)
                                  0x5 (size before relaxing)
 *fill*         0x0800ac47        0x1 
 .rodata.flagBitshiftOffset.0
                0x0800ac48        0x8 build/lib/liblibdrivers.a(stm32f4xx_hal_dma.c.obj)
 .rodata._vfprintf_r.str1.4
                0x0800ac50       0x42 E:/Tools/Develop/ToolsKits/ARM/arm-gnu-toolchain_v13_3/bin/../lib/gcc/arm-none-eabi/13.3.1/thumb/v7e-m+fp/hard\libc.a(libc_a-vfprintf.o)
 .rodata.zeroes.0
                0x0800ac50       0x10 E:/Tools/Develop/ToolsKits/ARM/arm-gnu-toolchain_v13_3/bin/../lib/gcc/arm-none-eabi/13.3.1/thumb/v7e-m+fp/hard\libc.a(libc_a-vfprintf.o)
 .rodata.blanks.1
                0x0800ac60       0x10 E:/Tools/Develop/ToolsKits/ARM/arm-gnu-toolchain_v13_3/bin/../lib/gcc/arm-none-eabi/13.3.1/thumb/v7e-m+fp/hard\libc.a(libc_a-vfprintf.o)
 .rodata.str1.4
                0x0800ac70       0x4c E:/Tools/Develop/ToolsKits/ARM/arm-gnu-toolchain_v13_3/bin/../lib/gcc/arm-none-eabi/13.3.1/thumb/v7e-m+fp/hard\libc.a(libc_a-locale.o)
 .rodata._dtoa_r.str1.4
                0x0800ac70       0x81 E:/Tools/Develop/ToolsKits/ARM/arm-gnu-toolchain_v13_3/bin/../lib/gcc/arm-none-eabi/13.3.1/thumb/v7e-m+fp/hard\libc.a(libc_a-dtoa.o)
 .rodata.__multadd.str1.4
                0x0800ac70       0x6e E:/Tools/Develop/ToolsKits/ARM/arm-gnu-toolchain_v13_3/bin/../lib/gcc/arm-none-eabi/13.3.1/thumb/v7e-m+fp/hard\libc.a(libc_a-mprec.o)
 .rodata.p05.0  0x0800ac70        0xc E:/Tools/Develop/ToolsKits/ARM/arm-gnu-toolchain_v13_3/bin/../lib/gcc/arm-none-eabi/13.3.1/thumb/v7e-m+fp/hard\libc.a(libc_a-mprec.o)
 *fill*         0x0800ac7c        0x4 
 .rodata.__mprec_bigtens
                0x0800ac80       0x28 E:/Tools/Develop/ToolsKits/ARM/arm-gnu-toolchain_v13_3/bin/../lib/gcc/arm-none-eabi/13.3.1/thumb/v7e-m+fp/hard\libc.a(libc_a-mprec.o)
                0x0800ac80                __mprec_bigtens
 .rodata.__mprec_tens
                0x0800aca8       0xc8 E:/Tools/Develop/ToolsKits/ARM/arm-gnu-toolchain_v13_3/bin/../lib/gcc/arm-none-eabi/13.3.1/thumb/v7e-m+fp/hard\libc.a(libc_a-mprec.o)
                0x0800aca8                __mprec_tens
 .rodata._ctype_
                0x0800ad70      0x101 E:/Tools/Develop/ToolsKits/ARM/arm-gnu-toolchain_v13_3/bin/../lib/gcc/arm-none-eabi/13.3.1/thumb/v7e-m+fp/hard\libc.a(libc_a-ctype_.o)
                0x0800ad70                _ctype_
 .rodata.__assert_func.str1.4
                0x0800ae71       0x43 E:/Tools/Develop/ToolsKits/ARM/arm-gnu-toolchain_v13_3/bin/../lib/gcc/arm-none-eabi/13.3.1/thumb/v7e-m+fp/hard\libc.a(libc_a-assert.o)
 .rodata._vfiprintf_r.str1.4
                0x0800ae71       0x2f E:/Tools/Develop/ToolsKits/ARM/arm-gnu-toolchain_v13_3/bin/../lib/gcc/arm-none-eabi/13.3.1/thumb/v7e-m+fp/hard\libc.a(libc_a-vfiprintf.o)
 *fill*         0x0800ae71        0x3 
 .rodata.zeroes.0
                0x0800ae74       0x10 E:/Tools/Develop/ToolsKits/ARM/arm-gnu-toolchain_v13_3/bin/../lib/gcc/arm-none-eabi/13.3.1/thumb/v7e-m+fp/hard\libc.a(libc_a-vfiprintf.o)
 .rodata.blanks.1
                0x0800ae84       0x10 E:/Tools/Develop/ToolsKits/ARM/arm-gnu-toolchain_v13_3/bin/../lib/gcc/arm-none-eabi/13.3.1/thumb/v7e-m+fp/hard\libc.a(libc_a-vfiprintf.o)
                0x0800ae94                        . = ALIGN (0x4)

.ARM.extab      0x0800ae94       0x48
                0x0800ae94                        . = ALIGN (0x4)
 *(.ARM.extab* .gnu.linkonce.armextab.*)
 .ARM.extab.text.HAL_ADC_ConvCpltCallback
                0x0800ae94        0xc CMakeFiles/Furina.elf.dir/Application/Base/ISR.cpp.obj
 .ARM.extab.text.startup.main
                0x0800aea0        0xc build/lib/liblibapp.a(main.cpp.obj)
 .ARM.extab.text._Z8app_initv
                0x0800aeac        0xc build/lib/liblibapp.a(app.cpp.obj)
 .ARM.extab.text._Z11key_handlerv
                0x0800aeb8        0xc build/lib/liblibapp.a(app.cpp.obj)
 .ARM.extab.text.HAL_UART_RxCpltCallback
                0x0800aec4        0xc build/lib/liblibapp.a(app.cpp.obj)
 .ARM.extab.text._ZN3Key7handlerEv
                0x0800aed0        0xc build/lib/liblibmodule.a(key.cpp.obj)
                0x0800aedc                        . = ALIGN (0x4)

.ARM            0x0800aedc       0xf8
                0x0800aedc                        . = ALIGN (0x4)
                0x0800aedc                        __exidx_start = .
 *(.ARM.exidx*)
 .ARM.exidx     0x0800aedc        0x8 E:/Tools/Develop/ToolsKits/ARM/arm-gnu-toolchain_v13_3/bin/../lib/gcc/arm-none-eabi/13.3.1/thumb/v7e-m+fp/hard\libc.a(libc_a-memcpy.o)
 .ARM.exidx     0x0800aee4        0x0 E:/Tools/Develop/ToolsKits/ARM/arm-gnu-toolchain_v13_3/bin/../lib/gcc/arm-none-eabi/13.3.1/thumb/v7e-m+fp/hard\libc.a(libc_a-memchr.o)
                                  0x8 (size before relaxing)
 .ARM.exidx     0x0800aee4        0x0 E:/Tools/Develop/ToolsKits/ARM/arm-gnu-toolchain_v13_3/bin/../lib/gcc/arm-none-eabi/13.3.1/thumb/v7e-m+fp/hard\libc.a(libc_a-strlen.o)
                                  0x8 (size before relaxing)
 .ARM.exidx.text.HAL_ADC_ConvCpltCallback
                0x0800aee4        0x8 CMakeFiles/Furina.elf.dir/Application/Base/ISR.cpp.obj
 .ARM.exidx.text.EXTI0_IRQHandler
                0x0800aeec        0x8 CMakeFiles/Furina.elf.dir/Application/Base/ISR.cpp.obj
 .ARM.exidx.text.DMA2_Stream6_IRQHandler
                0x0800aef4        0x0 CMakeFiles/Furina.elf.dir/Application/Base/ISR.cpp.obj
                                  0x8 (size before relaxing)
 .ARM.exidx.text._Z8BaseInitv
                0x0800aef4        0x8 build/lib/liblibapp.a(baseInit.cpp.obj)
 .ARM.exidx.text.HAL_MspInit
                0x0800aefc        0x8 build/lib/liblibapp.a(baseInit.cpp.obj)
 .ARM.exidx.text.HAL_InitTick
                0x0800af04        0x8 build/lib/liblibapp.a(baseInit.cpp.obj)
 .ARM.exidx.text.TIM7_IRQHandler
                0x0800af0c        0x8 build/lib/liblibapp.a(baseInit.cpp.obj)
 .ARM.exidx.text._Z18background_handlerv
                0x0800af14        0x0 build/lib/liblibapp.a(main.cpp.obj)
                                  0x8 (size before relaxing)
 .ARM.exidx.text.startup.main
                0x0800af14        0x8 build/lib/liblibapp.a(main.cpp.obj)
 .ARM.exidx.text._Z8app_initv
                0x0800af1c        0x8 build/lib/liblibapp.a(app.cpp.obj)
 .ARM.exidx.text._Z11key_handlerv
                0x0800af24        0x8 build/lib/liblibapp.a(app.cpp.obj)
 .ARM.exidx.text._Z8adc1_isrv
                0x0800af2c        0x8 build/lib/liblibapp.a(app.cpp.obj)
 .ARM.exidx.text.HAL_UART_RxCpltCallback
                0x0800af34       0x10 build/lib/liblibapp.a(app.cpp.obj)
                                  0x8 (size before relaxing)
 .ARM.exidx.text._ZN3Key12stateHandlerEh
                0x0800af44        0x0 build/lib/liblibmodule.a(key.cpp.obj)
                                  0x8 (size before relaxing)
 .ARM.exidx.text._ZN3Key7handlerEv
                0x0800af44        0x8 build/lib/liblibmodule.a(key.cpp.obj)
 .ARM.exidx.text.__udivmoddi4
                0x0800af4c        0x8 E:/Tools/Develop/ToolsKits/ARM/arm-gnu-toolchain_v13_3/bin/../lib/gcc/arm-none-eabi/13.3.1/thumb/v7e-m+fp/hard\libgcc.a(_udivmoddi4.o)
 .ARM.exidx.text.selfrel_offset31
                0x0800af54        0x0 E:/Tools/Develop/ToolsKits/ARM/arm-gnu-toolchain_v13_3/bin/../lib/gcc/arm-none-eabi/13.3.1/thumb/v7e-m+fp/hard\libgcc.a(unwind-arm.o)
                                  0x8 (size before relaxing)
 .ARM.exidx.text.search_EIT_table
                0x0800af54        0x0 E:/Tools/Develop/ToolsKits/ARM/arm-gnu-toolchain_v13_3/bin/../lib/gcc/arm-none-eabi/13.3.1/thumb/v7e-m+fp/hard\libgcc.a(unwind-arm.o)
                                  0x8 (size before relaxing)
 .ARM.exidx.text.__gnu_unwind_get_pr_addr
                0x0800af54        0x0 E:/Tools/Develop/ToolsKits/ARM/arm-gnu-toolchain_v13_3/bin/../lib/gcc/arm-none-eabi/13.3.1/thumb/v7e-m+fp/hard\libgcc.a(unwind-arm.o)
                                  0x8 (size before relaxing)
 .ARM.exidx.text.get_eit_entry
                0x0800af54        0x8 E:/Tools/Develop/ToolsKits/ARM/arm-gnu-toolchain_v13_3/bin/../lib/gcc/arm-none-eabi/13.3.1/thumb/v7e-m+fp/hard\libgcc.a(unwind-arm.o)
 .ARM.exidx.text.restore_non_core_regs
                0x0800af5c        0x8 E:/Tools/Develop/ToolsKits/ARM/arm-gnu-toolchain_v13_3/bin/../lib/gcc/arm-none-eabi/13.3.1/thumb/v7e-m+fp/hard\libgcc.a(unwind-arm.o)
 .ARM.exidx.text._Unwind_decode_typeinfo_ptr.constprop.0
                0x0800af64        0x8 E:/Tools/Develop/ToolsKits/ARM/arm-gnu-toolchain_v13_3/bin/../lib/gcc/arm-none-eabi/13.3.1/thumb/v7e-m+fp/hard\libgcc.a(unwind-arm.o)
 .ARM.exidx.text._Unwind_DebugHook
                0x0800af6c        0x0 E:/Tools/Develop/ToolsKits/ARM/arm-gnu-toolchain_v13_3/bin/../lib/gcc/arm-none-eabi/13.3.1/thumb/v7e-m+fp/hard\libgcc.a(unwind-arm.o)
                                  0x8 (size before relaxing)
 .ARM.exidx.text.unwind_phase2
                0x0800af6c        0x8 E:/Tools/Develop/ToolsKits/ARM/arm-gnu-toolchain_v13_3/bin/../lib/gcc/arm-none-eabi/13.3.1/thumb/v7e-m+fp/hard\libgcc.a(unwind-arm.o)
 .ARM.exidx.text.unwind_phase2_forced
                0x0800af74        0x8 E:/Tools/Develop/ToolsKits/ARM/arm-gnu-toolchain_v13_3/bin/../lib/gcc/arm-none-eabi/13.3.1/thumb/v7e-m+fp/hard\libgcc.a(unwind-arm.o)
 .ARM.exidx.text.__gnu_Unwind_RaiseException
                0x0800af7c        0x8 E:/Tools/Develop/ToolsKits/ARM/arm-gnu-toolchain_v13_3/bin/../lib/gcc/arm-none-eabi/13.3.1/thumb/v7e-m+fp/hard\libgcc.a(unwind-arm.o)
 .ARM.exidx.text.__gnu_Unwind_ForcedUnwind
                0x0800af84        0x8 E:/Tools/Develop/ToolsKits/ARM/arm-gnu-toolchain_v13_3/bin/../lib/gcc/arm-none-eabi/13.3.1/thumb/v7e-m+fp/hard\libgcc.a(unwind-arm.o)
 .ARM.exidx.text.__gnu_Unwind_Resume
                0x0800af8c        0x8 E:/Tools/Develop/ToolsKits/ARM/arm-gnu-toolchain_v13_3/bin/../lib/gcc/arm-none-eabi/13.3.1/thumb/v7e-m+fp/hard\libgcc.a(unwind-arm.o)
 .ARM.exidx.text.__gnu_Unwind_Resume_or_Rethrow
                0x0800af94        0x8 E:/Tools/Develop/ToolsKits/ARM/arm-gnu-toolchain_v13_3/bin/../lib/gcc/arm-none-eabi/13.3.1/thumb/v7e-m+fp/hard\libgcc.a(unwind-arm.o)
 .ARM.exidx.text._Unwind_VRS_Get
                0x0800af9c        0x0 E:/Tools/Develop/ToolsKits/ARM/arm-gnu-toolchain_v13_3/bin/../lib/gcc/arm-none-eabi/13.3.1/thumb/v7e-m+fp/hard\libgcc.a(unwind-arm.o)
                                  0x8 (size before relaxing)
 .ARM.exidx.text._Unwind_GetGR
                0x0800af9c        0x0 E:/Tools/Develop/ToolsKits/ARM/arm-gnu-toolchain_v13_3/bin/../lib/gcc/arm-none-eabi/13.3.1/thumb/v7e-m+fp/hard\libgcc.a(unwind-arm.o)
                                  0x8 (size before relaxing)
 .ARM.exidx.text._Unwind_VRS_Set
                0x0800af9c        0x0 E:/Tools/Develop/ToolsKits/ARM/arm-gnu-toolchain_v13_3/bin/../lib/gcc/arm-none-eabi/13.3.1/thumb/v7e-m+fp/hard\libgcc.a(unwind-arm.o)
                                  0x8 (size before relaxing)
 .ARM.exidx.text._Unwind_SetGR
                0x0800af9c        0x0 E:/Tools/Develop/ToolsKits/ARM/arm-gnu-toolchain_v13_3/bin/../lib/gcc/arm-none-eabi/13.3.1/thumb/v7e-m+fp/hard\libgcc.a(unwind-arm.o)
                                  0x8 (size before relaxing)
 .ARM.exidx.text.__gnu_Unwind_Backtrace
                0x0800af9c        0x8 E:/Tools/Develop/ToolsKits/ARM/arm-gnu-toolchain_v13_3/bin/../lib/gcc/arm-none-eabi/13.3.1/thumb/v7e-m+fp/hard\libgcc.a(unwind-arm.o)
 .ARM.exidx.text.__gnu_unwind_pr_common
                0x0800afa4        0x8 E:/Tools/Develop/ToolsKits/ARM/arm-gnu-toolchain_v13_3/bin/../lib/gcc/arm-none-eabi/13.3.1/thumb/v7e-m+fp/hard\libgcc.a(unwind-arm.o)
 .ARM.exidx.text.__aeabi_unwind_cpp_pr0
                0x0800afac        0x8 E:/Tools/Develop/ToolsKits/ARM/arm-gnu-toolchain_v13_3/bin/../lib/gcc/arm-none-eabi/13.3.1/thumb/v7e-m+fp/hard\libgcc.a(unwind-arm.o)
 .ARM.exidx.text.__aeabi_unwind_cpp_pr1
                0x0800afb4        0x0 E:/Tools/Develop/ToolsKits/ARM/arm-gnu-toolchain_v13_3/bin/../lib/gcc/arm-none-eabi/13.3.1/thumb/v7e-m+fp/hard\libgcc.a(unwind-arm.o)
                                  0x8 (size before relaxing)
 .ARM.exidx.text.__aeabi_unwind_cpp_pr2
                0x0800afb4        0x0 E:/Tools/Develop/ToolsKits/ARM/arm-gnu-toolchain_v13_3/bin/../lib/gcc/arm-none-eabi/13.3.1/thumb/v7e-m+fp/hard\libgcc.a(unwind-arm.o)
                                  0x8 (size before relaxing)
 .ARM.exidx.text._Unwind_VRS_Pop
                0x0800afb4        0x8 E:/Tools/Develop/ToolsKits/ARM/arm-gnu-toolchain_v13_3/bin/../lib/gcc/arm-none-eabi/13.3.1/thumb/v7e-m+fp/hard\libgcc.a(unwind-arm.o)
 .ARM.exidx.text.next_unwind_byte
                0x0800afbc        0x8 E:/Tools/Develop/ToolsKits/ARM/arm-gnu-toolchain_v13_3/bin/../lib/gcc/arm-none-eabi/13.3.1/thumb/v7e-m+fp/hard\libgcc.a(pr-support.o)
 .ARM.exidx.text.__gnu_unwind_execute
                0x0800afc4       0x10 E:/Tools/Develop/ToolsKits/ARM/arm-gnu-toolchain_v13_3/bin/../lib/gcc/arm-none-eabi/13.3.1/thumb/v7e-m+fp/hard\libgcc.a(pr-support.o)
                                  0x8 (size before relaxing)
                0x0800afd4                        __exidx_end = .
                0x0800afd4                        . = ALIGN (0x4)

.preinit_array  0x0800afd4        0x0
                0x0800afd4                        . = ALIGN (0x4)
                0x0800afd4                        PROVIDE (__preinit_array_start = .)
 *(.preinit_array*)
                0x0800afd4                        PROVIDE (__preinit_array_end = .)
                0x0800afd4                        . = ALIGN (0x4)

.init_array     0x0800afd4        0x8
                0x0800afd4                        . = ALIGN (0x4)
                0x0800afd4                        PROVIDE (__init_array_start = .)
 *(SORT_BY_NAME(.init_array.*))
 .init_array.00000
                0x0800afd4        0x4 E:/Tools/Develop/ToolsKits/ARM/arm-gnu-toolchain_v13_3/bin/../lib/gcc/arm-none-eabi/13.3.1/thumb/v7e-m+fp/hard\libc.a(libc_a-__call_atexit.o)
 *(.init_array*)
 .init_array    0x0800afd8        0x4 E:/Tools/Develop/ToolsKits/ARM/arm-gnu-toolchain_v13_3/bin/../lib/gcc/arm-none-eabi/13.3.1/thumb/v7e-m+fp/hard/crtbegin.o
                0x0800afdc                        PROVIDE (__init_array_end = .)
                0x0800afdc                        . = ALIGN (0x4)

.fini_array     0x0800afdc        0x4
                0x0800afdc                        . = ALIGN (0x4)
                0x0800afdc                        PROVIDE (__fini_array_start = .)
 *(SORT_BY_NAME(.fini_array.*))
 *(.fini_array*)
 .fini_array    0x0800afdc        0x4 E:/Tools/Develop/ToolsKits/ARM/arm-gnu-toolchain_v13_3/bin/../lib/gcc/arm-none-eabi/13.3.1/thumb/v7e-m+fp/hard/crtbegin.o
                0x0800afe0                        PROVIDE (__fini_array_end = .)
                0x0800afe0                        . = ALIGN (0x4)
                0x0800afe0                        _sidata = LOADADDR (.data)

.rel.dyn        0x0800afe0        0x0
 .rel.iplt      0x0800afe0        0x0 E:/Tools/Develop/ToolsKits/ARM/arm-gnu-toolchain_v13_3/bin/../lib/gcc/arm-none-eabi/13.3.1/thumb/v7e-m+fp/hard/crtbegin.o

.data           0x20000000      0x6e4 load address 0x0800afe0
                0x20000000                        . = ALIGN (0x4)
                0x20000000                        _sdata = .
 *(.data)
 *(.data*)
 .data.SystemCoreClock
                0x20000000        0x4 CMakeFiles/Furina.elf.dir/Core/system_stm32f4xx.c.obj
                0x20000000                SystemCoreClock
 .data.uwTickFreq
                0x20000004        0x1 build/lib/liblibdrivers.a(stm32f4xx_hal.c.obj)
                0x20000004                uwTickFreq
 *fill*         0x20000005        0x3 
 .data.uwTickPrio
                0x20000008        0x4 build/lib/liblibdrivers.a(stm32f4xx_hal.c.obj)
                0x20000008                uwTickPrio
 .data.__sglue  0x2000000c        0xc E:/Tools/Develop/ToolsKits/ARM/arm-gnu-toolchain_v13_3/bin/../lib/gcc/arm-none-eabi/13.3.1/thumb/v7e-m+fp/hard\libc.a(libc_a-findfp.o)
                0x2000000c                __sglue
 .data._impure_ptr
                0x20000018        0x4 E:/Tools/Develop/ToolsKits/ARM/arm-gnu-toolchain_v13_3/bin/../lib/gcc/arm-none-eabi/13.3.1/thumb/v7e-m+fp/hard\libc.a(libc_a-impure.o)
                0x20000018                _impure_ptr
 *fill*         0x2000001c        0x4 
 .data._impure_data
                0x20000020      0x140 E:/Tools/Develop/ToolsKits/ARM/arm-gnu-toolchain_v13_3/bin/../lib/gcc/arm-none-eabi/13.3.1/thumb/v7e-m+fp/hard\libc.a(libc_a-impure.o)
                0x20000020                _impure_data
 .data.__atexit_recursive_mutex
                0x20000160        0x4 E:/Tools/Develop/ToolsKits/ARM/arm-gnu-toolchain_v13_3/bin/../lib/gcc/arm-none-eabi/13.3.1/thumb/v7e-m+fp/hard\libc.a(libc_a-__call_atexit.o)
                0x20000160                __atexit_recursive_mutex
 .data.__malloc_sbrk_base
                0x20000164        0x4 E:/Tools/Develop/ToolsKits/ARM/arm-gnu-toolchain_v13_3/bin/../lib/gcc/arm-none-eabi/13.3.1/thumb/v7e-m+fp/hard\libc.a(libc_a-mallocr.o)
                0x20000164                __malloc_sbrk_base
 .data.__malloc_trim_threshold
                0x20000168        0x4 E:/Tools/Develop/ToolsKits/ARM/arm-gnu-toolchain_v13_3/bin/../lib/gcc/arm-none-eabi/13.3.1/thumb/v7e-m+fp/hard\libc.a(libc_a-mallocr.o)
                0x20000168                __malloc_trim_threshold
 *fill*         0x2000016c        0x4 
 .data.__malloc_av_
                0x20000170      0x408 E:/Tools/Develop/ToolsKits/ARM/arm-gnu-toolchain_v13_3/bin/../lib/gcc/arm-none-eabi/13.3.1/thumb/v7e-m+fp/hard\libc.a(libc_a-mallocr.o)
                0x20000170                __malloc_av_
 .data.__global_locale
                0x20000578      0x16c E:/Tools/Develop/ToolsKits/ARM/arm-gnu-toolchain_v13_3/bin/../lib/gcc/arm-none-eabi/13.3.1/thumb/v7e-m+fp/hard\libc.a(libc_a-locale.o)
                0x20000578                __global_locale
 *(.RamFunc)
 *(.RamFunc*)
                0x200006e4                        . = ALIGN (0x4)
                0x200006e4                        _edata = .
                0x0800b6c4                        _siccmram = LOADADDR (.ccmram)

.tm_clone_table
                0x200006e4        0x0 load address 0x0800b6c4
 .tm_clone_table
                0x200006e4        0x0 E:/Tools/Develop/ToolsKits/ARM/arm-gnu-toolchain_v13_3/bin/../lib/gcc/arm-none-eabi/13.3.1/thumb/v7e-m+fp/hard/crtbegin.o
 .tm_clone_table
                0x200006e4        0x0 E:/Tools/Develop/ToolsKits/ARM/arm-gnu-toolchain_v13_3/bin/../lib/gcc/arm-none-eabi/13.3.1/thumb/v7e-m+fp/hard/crtend.o

.igot.plt       0x200006e4        0x0 load address 0x0800b6c4
 .igot.plt      0x200006e4        0x0 E:/Tools/Develop/ToolsKits/ARM/arm-gnu-toolchain_v13_3/bin/../lib/gcc/arm-none-eabi/13.3.1/thumb/v7e-m+fp/hard/crtbegin.o

.ccmram         0x10000000        0x0 load address 0x0800b6c4
                0x10000000                        . = ALIGN (0x4)
                0x10000000                        _sccmram = .
 *(.ccmram)
 *(.ccmram*)
                0x10000000                        . = ALIGN (0x4)
                0x10000000                        _eccmram = .
                0x10000000                        . = ALIGN (0x4)

.bss            0x200006e8      0x5ac
                0x200006e8                        _sbss = .
                0x200006e8                        __bss_start__ = _sbss
 *(.bss)
 *(.bss*)
 .bss.completed.1
                0x200006e8        0x1 E:/Tools/Develop/ToolsKits/ARM/arm-gnu-toolchain_v13_3/bin/../lib/gcc/arm-none-eabi/13.3.1/thumb/v7e-m+fp/hard/crtbegin.o
 *fill*         0x200006e9        0x3 
 .bss.object.0  0x200006ec       0x18 E:/Tools/Develop/ToolsKits/ARM/arm-gnu-toolchain_v13_3/bin/../lib/gcc/arm-none-eabi/13.3.1/thumb/v7e-m+fp/hard/crtbegin.o
 .bss._ZN3Key4signE
                0x20000704        0x1 CMakeFiles/Furina.elf.dir/Application/Base/ISR.cpp.obj
                0x20000704                Key::sign
 .bss._ZN3Key4codeE
                0x20000705        0x1 CMakeFiles/Furina.elf.dir/Application/Base/ISR.cpp.obj
                0x20000705                Key::code
 *fill*         0x20000706        0x2 
 .bss.__sbrk_heap_end
                0x20000708        0x4 CMakeFiles/Furina.elf.dir/Core/sysmem.c.obj
 .bss.htim7     0x2000070c       0x48 build/lib/liblibapp.a(baseInit.cpp.obj)
                0x2000070c                htim7
 .bss.rxBuffer  0x20000754        0x1 build/lib/liblibapp.a(app.cpp.obj)
                0x20000754                rxBuffer
 *fill*         0x20000755        0x3 
 .bss.htim13    0x20000758       0x48 build/lib/liblibbsp.a(CPU_RunTime.c.obj)
                0x20000758                htim13
 .bss.CPU_RunTime
                0x200007a0        0x4 build/lib/liblibbsp.a(CPU_RunTime.c.obj)
                0x200007a0                CPU_RunTime
 *fill*         0x200007a4        0x4 
 .bss.hadc1     0x200007a8       0x48 build/lib/liblibbsp.a(adc.c.obj)
                0x200007a8                hadc1
 .bss.hdma_memtomem_dma2_stream6
                0x200007f0       0x60 build/lib/liblibbsp.a(fsmc.c.obj)
                0x200007f0                hdma_memtomem_dma2_stream6
 .bss.hsram1    0x20000850       0x50 build/lib/liblibbsp.a(fsmc.c.obj)
                0x20000850                hsram1
 .bss.htim6     0x200008a0       0x48 build/lib/liblibbsp.a(timer.c.obj)
                0x200008a0                htim6
 .bss.htim2     0x200008e8       0x48 build/lib/liblibbsp.a(timer.c.obj)
                0x200008e8                htim2
 .bss.huart1    0x20000930       0x48 build/lib/liblibbsp.a(usart.c.obj)
                0x20000930                huart1
 .bss.uwTick    0x20000978        0x4 build/lib/liblibdrivers.a(stm32f4xx_hal.c.obj)
                0x20000978                uwTick
 .bss._ZN3Key5stateE
                0x2000097c        0x4 build/lib/liblibmodule.a(key.cpp.obj)
                0x2000097c                Key::state
 .bss.__sf      0x20000980      0x138 E:/Tools/Develop/ToolsKits/ARM/arm-gnu-toolchain_v13_3/bin/../lib/gcc/arm-none-eabi/13.3.1/thumb/v7e-m+fp/hard\libc.a(libc_a-findfp.o)
                0x20000980                __sf
 .bss.__stdio_exit_handler
                0x20000ab8        0x4 E:/Tools/Develop/ToolsKits/ARM/arm-gnu-toolchain_v13_3/bin/../lib/gcc/arm-none-eabi/13.3.1/thumb/v7e-m+fp/hard\libc.a(libc_a-findfp.o)
                0x20000ab8                __stdio_exit_handler
 .bss.errno     0x20000abc        0x4 E:/Tools/Develop/ToolsKits/ARM/arm-gnu-toolchain_v13_3/bin/../lib/gcc/arm-none-eabi/13.3.1/thumb/v7e-m+fp/hard\libc.a(libc_a-reent.o)
                0x20000abc                errno
 .bss.__lock___malloc_recursive_mutex
                0x20000ac0        0x1 E:/Tools/Develop/ToolsKits/ARM/arm-gnu-toolchain_v13_3/bin/../lib/gcc/arm-none-eabi/13.3.1/thumb/v7e-m+fp/hard\libc.a(libc_a-lock.o)
                0x20000ac0                __lock___malloc_recursive_mutex
 *fill*         0x20000ac1        0x3 
 .bss.__lock___atexit_recursive_mutex
                0x20000ac4        0x1 E:/Tools/Develop/ToolsKits/ARM/arm-gnu-toolchain_v13_3/bin/../lib/gcc/arm-none-eabi/13.3.1/thumb/v7e-m+fp/hard\libc.a(libc_a-lock.o)
                0x20000ac4                __lock___atexit_recursive_mutex
 *fill*         0x20000ac5        0x3 
 .bss.__lock___sfp_recursive_mutex
                0x20000ac8        0x1 E:/Tools/Develop/ToolsKits/ARM/arm-gnu-toolchain_v13_3/bin/../lib/gcc/arm-none-eabi/13.3.1/thumb/v7e-m+fp/hard\libc.a(libc_a-lock.o)
                0x20000ac8                __lock___sfp_recursive_mutex
 *fill*         0x20000ac9        0x3 
 .bss.__atexit  0x20000acc        0x4 E:/Tools/Develop/ToolsKits/ARM/arm-gnu-toolchain_v13_3/bin/../lib/gcc/arm-none-eabi/13.3.1/thumb/v7e-m+fp/hard\libc.a(libc_a-__call_atexit.o)
                0x20000acc                __atexit
 .bss.__malloc_current_mallinfo
                0x20000ad0       0x28 E:/Tools/Develop/ToolsKits/ARM/arm-gnu-toolchain_v13_3/bin/../lib/gcc/arm-none-eabi/13.3.1/thumb/v7e-m+fp/hard\libc.a(libc_a-mallocr.o)
                0x20000ad0                __malloc_current_mallinfo
 .bss.__malloc_max_total_mem
                0x20000af8        0x4 E:/Tools/Develop/ToolsKits/ARM/arm-gnu-toolchain_v13_3/bin/../lib/gcc/arm-none-eabi/13.3.1/thumb/v7e-m+fp/hard\libc.a(libc_a-mallocr.o)
                0x20000af8                __malloc_max_total_mem
 .bss.__malloc_max_sbrked_mem
                0x20000afc        0x4 E:/Tools/Develop/ToolsKits/ARM/arm-gnu-toolchain_v13_3/bin/../lib/gcc/arm-none-eabi/13.3.1/thumb/v7e-m+fp/hard\libc.a(libc_a-mallocr.o)
                0x20000afc                __malloc_max_sbrked_mem
 .bss.__malloc_top_pad
                0x20000b00        0x4 E:/Tools/Develop/ToolsKits/ARM/arm-gnu-toolchain_v13_3/bin/../lib/gcc/arm-none-eabi/13.3.1/thumb/v7e-m+fp/hard\libc.a(libc_a-mallocr.o)
                0x20000b00                __malloc_top_pad
 .bss.__atexit0
                0x20000b04      0x190 E:/Tools/Develop/ToolsKits/ARM/arm-gnu-toolchain_v13_3/bin/../lib/gcc/arm-none-eabi/13.3.1/thumb/v7e-m+fp/hard\libc.a(libc_a-__atexit.o)
                0x20000b04                __atexit0
 *(COMMON)
                0x20000c94                        . = ALIGN (0x4)
                0x20000c94                        _ebss = .
                0x20000c94                        __bss_end__ = _ebss

._user_heap_stack
                0x20000c94     0x1404
                0x20000c98                        . = ALIGN (0x8)
 *fill*         0x20000c94        0x4 
                [!provide]                        PROVIDE (end = .)
                0x20000c98                        PROVIDE (_end = .)
                0x20001098                        . = (. + _Min_Heap_Size)
 *fill*         0x20000c98      0x400 
                0x20002098                        . = (. + _Min_Stack_Size)
 *fill*         0x20001098     0x1000 
                0x20002098                        . = ALIGN (0x8)

/DISCARD/
 libc.a(*)
 libm.a(*)
 libgcc.a(*)

.ARM.attributes
                0x00000000       0x30
 *(.ARM.attributes)
 .ARM.attributes
                0x00000000       0x22 E:/Tools/Develop/ToolsKits/ARM/arm-gnu-toolchain_v13_3/bin/../lib/gcc/arm-none-eabi/13.3.1/thumb/v7e-m+fp/hard/crti.o
 .ARM.attributes
                0x00000022       0x34 E:/Tools/Develop/ToolsKits/ARM/arm-gnu-toolchain_v13_3/bin/../lib/gcc/arm-none-eabi/13.3.1/thumb/v7e-m+fp/hard/crtbegin.o
 .ARM.attributes
                0x00000056       0x30 CMakeFiles/Furina.elf.dir/Application/Base/ISR.cpp.obj
 .ARM.attributes
                0x00000086       0x21 CMakeFiles/Furina.elf.dir/Core/startup_stm32f407vetx.s.obj
 .ARM.attributes
                0x000000a7       0x30 CMakeFiles/Furina.elf.dir/Core/stm32f4xx_it.c.obj
 .ARM.attributes
                0x000000d7       0x30 CMakeFiles/Furina.elf.dir/Core/syscalls.c.obj
 .ARM.attributes
                0x00000107       0x30 CMakeFiles/Furina.elf.dir/Core/sysmem.c.obj
 .ARM.attributes
                0x00000137       0x30 CMakeFiles/Furina.elf.dir/Core/system_stm32f4xx.c.obj
 .ARM.attributes
                0x00000167       0x30 build/lib/liblibapp.a(baseInit.cpp.obj)
 .ARM.attributes
                0x00000197       0x30 build/lib/liblibapp.a(main.cpp.obj)
 .ARM.attributes
                0x000001c7       0x30 build/lib/liblibapp.a(app.cpp.obj)
 .ARM.attributes
                0x000001f7       0x30 build/lib/liblibbsp.a(CPU_RunTime.c.obj)
 .ARM.attributes
                0x00000227       0x30 build/lib/liblibbsp.a(adc.c.obj)
 .ARM.attributes
                0x00000257       0x30 build/lib/liblibbsp.a(fsmc.c.obj)
 .ARM.attributes
                0x00000287       0x30 build/lib/liblibbsp.a(key_exit.c.obj)
 .ARM.attributes
                0x000002b7       0x30 build/lib/liblibbsp.a(lcd.c.obj)
 .ARM.attributes
                0x000002e7       0x30 build/lib/liblibbsp.a(timer.c.obj)
 .ARM.attributes
                0x00000317       0x30 build/lib/liblibbsp.a(usart.c.obj)
 .ARM.attributes
                0x00000347       0x30 build/lib/liblibdrivers.a(stm32f4xx_hal.c.obj)
 .ARM.attributes
                0x00000377       0x30 build/lib/liblibdrivers.a(stm32f4xx_hal_adc.c.obj)
 .ARM.attributes
                0x000003a7       0x30 build/lib/liblibdrivers.a(stm32f4xx_hal_adc_ex.c.obj)
 .ARM.attributes
                0x000003d7       0x30 build/lib/liblibdrivers.a(stm32f4xx_hal_cortex.c.obj)
 .ARM.attributes
                0x00000407       0x30 build/lib/liblibdrivers.a(stm32f4xx_hal_dma.c.obj)
 .ARM.attributes
                0x00000437       0x30 build/lib/liblibdrivers.a(stm32f4xx_hal_gpio.c.obj)
 .ARM.attributes
                0x00000467       0x30 build/lib/liblibdrivers.a(stm32f4xx_hal_rcc.c.obj)
 .ARM.attributes
                0x00000497       0x30 build/lib/liblibdrivers.a(stm32f4xx_hal_sram.c.obj)
 .ARM.attributes
                0x000004c7       0x30 build/lib/liblibdrivers.a(stm32f4xx_hal_tim.c.obj)
 .ARM.attributes
                0x000004f7       0x30 build/lib/liblibdrivers.a(stm32f4xx_hal_tim_ex.c.obj)
 .ARM.attributes
                0x00000527       0x30 build/lib/liblibdrivers.a(stm32f4xx_hal_uart.c.obj)
 .ARM.attributes